Archive member included to satisfy reference by file (symbol)

c:/st/stm32cubeide_1.4.0/stm32cubeide/plugins/com.st.stm32cube.ide.mcu.externaltools.gnu-tools-for-stm32.9-2020-q2-update.win32_2.0.0.202105311346/tools/bin/../lib/gcc/arm-none-eabi/9.3.1/../../../../arm-none-eabi/lib/thumb/v7-m/nofp\libc_nano.a(lib_a-errno.o)
                              ./Src/syscalls.o (__errno)
c:/st/stm32cubeide_1.4.0/stm32cubeide/plugins/com.st.stm32cube.ide.mcu.externaltools.gnu-tools-for-stm32.9-2020-q2-update.win32_2.0.0.202105311346/tools/bin/../lib/gcc/arm-none-eabi/9.3.1/../../../../arm-none-eabi/lib/thumb/v7-m/nofp\libc_nano.a(lib_a-exit.o)
                              c:/st/stm32cubeide_1.4.0/stm32cubeide/plugins/com.st.stm32cube.ide.mcu.externaltools.gnu-tools-for-stm32.9-2020-q2-update.win32_2.0.0.202105311346/tools/bin/../lib/gcc/arm-none-eabi/9.3.1/../../../../arm-none-eabi/lib/thumb/v7-m/nofp/crt0.o (exit)
c:/st/stm32cubeide_1.4.0/stm32cubeide/plugins/com.st.stm32cube.ide.mcu.externaltools.gnu-tools-for-stm32.9-2020-q2-update.win32_2.0.0.202105311346/tools/bin/../lib/gcc/arm-none-eabi/9.3.1/../../../../arm-none-eabi/lib/thumb/v7-m/nofp\libc_nano.a(lib_a-impure.o)
                              c:/st/stm32cubeide_1.4.0/stm32cubeide/plugins/com.st.stm32cube.ide.mcu.externaltools.gnu-tools-for-stm32.9-2020-q2-update.win32_2.0.0.202105311346/tools/bin/../lib/gcc/arm-none-eabi/9.3.1/../../../../arm-none-eabi/lib/thumb/v7-m/nofp\libc_nano.a(lib_a-exit.o) (_global_impure_ptr)
c:/st/stm32cubeide_1.4.0/stm32cubeide/plugins/com.st.stm32cube.ide.mcu.externaltools.gnu-tools-for-stm32.9-2020-q2-update.win32_2.0.0.202105311346/tools/bin/../lib/gcc/arm-none-eabi/9.3.1/../../../../arm-none-eabi/lib/thumb/v7-m/nofp\libc_nano.a(lib_a-init.o)
                              c:/st/stm32cubeide_1.4.0/stm32cubeide/plugins/com.st.stm32cube.ide.mcu.externaltools.gnu-tools-for-stm32.9-2020-q2-update.win32_2.0.0.202105311346/tools/bin/../lib/gcc/arm-none-eabi/9.3.1/../../../../arm-none-eabi/lib/thumb/v7-m/nofp/crt0.o (__libc_init_array)
c:/st/stm32cubeide_1.4.0/stm32cubeide/plugins/com.st.stm32cube.ide.mcu.externaltools.gnu-tools-for-stm32.9-2020-q2-update.win32_2.0.0.202105311346/tools/bin/../lib/gcc/arm-none-eabi/9.3.1/../../../../arm-none-eabi/lib/thumb/v7-m/nofp\libc_nano.a(lib_a-memset.o)
                              c:/st/stm32cubeide_1.4.0/stm32cubeide/plugins/com.st.stm32cube.ide.mcu.externaltools.gnu-tools-for-stm32.9-2020-q2-update.win32_2.0.0.202105311346/tools/bin/../lib/gcc/arm-none-eabi/9.3.1/../../../../arm-none-eabi/lib/thumb/v7-m/nofp/crt0.o (memset)
c:/st/stm32cubeide_1.4.0/stm32cubeide/plugins/com.st.stm32cube.ide.mcu.externaltools.gnu-tools-for-stm32.9-2020-q2-update.win32_2.0.0.202105311346/tools/bin/../lib/gcc/arm-none-eabi/9.3.1/../../../../arm-none-eabi/lib/thumb/v7-m/nofp\libc_nano.a(lib_a-sprintf.o)
                              ./Src/canmsg.o (sprintf)
c:/st/stm32cubeide_1.4.0/stm32cubeide/plugins/com.st.stm32cube.ide.mcu.externaltools.gnu-tools-for-stm32.9-2020-q2-update.win32_2.0.0.202105311346/tools/bin/../lib/gcc/arm-none-eabi/9.3.1/../../../../arm-none-eabi/lib/thumb/v7-m/nofp\libc_nano.a(lib_a-strcpy.o)
                              ./Src/canmsg.o (strcpy)
c:/st/stm32cubeide_1.4.0/stm32cubeide/plugins/com.st.stm32cube.ide.mcu.externaltools.gnu-tools-for-stm32.9-2020-q2-update.win32_2.0.0.202105311346/tools/bin/../lib/gcc/arm-none-eabi/9.3.1/../../../../arm-none-eabi/lib/thumb/v7-m/nofp\libc_nano.a(lib_a-nano-svfprintf.o)
                              c:/st/stm32cubeide_1.4.0/stm32cubeide/plugins/com.st.stm32cube.ide.mcu.externaltools.gnu-tools-for-stm32.9-2020-q2-update.win32_2.0.0.202105311346/tools/bin/../lib/gcc/arm-none-eabi/9.3.1/../../../../arm-none-eabi/lib/thumb/v7-m/nofp\libc_nano.a(lib_a-sprintf.o) (_svfprintf_r)
c:/st/stm32cubeide_1.4.0/stm32cubeide/plugins/com.st.stm32cube.ide.mcu.externaltools.gnu-tools-for-stm32.9-2020-q2-update.win32_2.0.0.202105311346/tools/bin/../lib/gcc/arm-none-eabi/9.3.1/../../../../arm-none-eabi/lib/thumb/v7-m/nofp\libc_nano.a(lib_a-nano-vfprintf_i.o)
                              c:/st/stm32cubeide_1.4.0/stm32cubeide/plugins/com.st.stm32cube.ide.mcu.externaltools.gnu-tools-for-stm32.9-2020-q2-update.win32_2.0.0.202105311346/tools/bin/../lib/gcc/arm-none-eabi/9.3.1/../../../../arm-none-eabi/lib/thumb/v7-m/nofp\libc_nano.a(lib_a-nano-svfprintf.o) (_printf_i)
c:/st/stm32cubeide_1.4.0/stm32cubeide/plugins/com.st.stm32cube.ide.mcu.externaltools.gnu-tools-for-stm32.9-2020-q2-update.win32_2.0.0.202105311346/tools/bin/../lib/gcc/arm-none-eabi/9.3.1/../../../../arm-none-eabi/lib/thumb/v7-m/nofp\libc_nano.a(lib_a-memchr-stub.o)
                              c:/st/stm32cubeide_1.4.0/stm32cubeide/plugins/com.st.stm32cube.ide.mcu.externaltools.gnu-tools-for-stm32.9-2020-q2-update.win32_2.0.0.202105311346/tools/bin/../lib/gcc/arm-none-eabi/9.3.1/../../../../arm-none-eabi/lib/thumb/v7-m/nofp\libc_nano.a(lib_a-nano-svfprintf.o) (memchr)
[...]
Memory Configuration

Name             Origin             Length             Attributes
RAM              0x0000000020000000 0x0000000000010000 xrw
FLASH            0x0000000008000000 0x0000000000080000 xr
*default*        0x0000000000000000 0xffffffffffffffff

Linker script and memory map

LOAD c:/st/stm32cubeide_1.4.0/stm32cubeide/plugins/com.st.stm32cube.ide.mcu.externaltools.gnu-tools-for-stm32.9-2020-q2-update.win32_2.0.0.202105311346/tools/bin/../lib/gcc/arm-none-eabi/9.3.1/thumb/v7-m/nofp/crti.o
LOAD c:/st/stm32cubeide_1.4.0/stm32cubeide/plugins/com.st.stm32cube.ide.mcu.externaltools.gnu-tools-for-stm32.9-2020-q2-update.win32_2.0.0.202105311346/tools/bin/../lib/gcc/arm-none-eabi/9.3.1/thumb/v7-m/nofp/crtbegin.o
LOAD c:/st/stm32cubeide_1.4.0/stm32cubeide/plugins/com.st.stm32cube.ide.mcu.externaltools.gnu-tools-for-stm32.9-2020-q2-update.win32_2.0.0.202105311346/tools/bin/../lib/gcc/arm-none-eabi/9.3.1/../../../../arm-none-eabi/lib/thumb/v7-m/nofp/crt0.o
LOAD ./Drivers/STM32F1xx_HAL_Driver/Src/stm32f1xx_hal.o
LOAD ./Drivers/STM32F1xx_HAL_Driver/Src/stm32f1xx_hal_adc.o
LOAD ./Drivers/STM32F1xx_HAL_Driver/Src/stm32f1xx_hal_adc_ex.o
LOAD ./Drivers/STM32F1xx_HAL_Driver/Src/stm32f1xx_hal_can.o
LOAD ./Drivers/STM32F1xx_HAL_Driver/Src/stm32f1xx_hal_cortex.o
LOAD ./Drivers/STM32F1xx_HAL_Driver/Src/stm32f1xx_hal_dma.o
LOAD ./Drivers/STM32F1xx_HAL_Driver/Src/stm32f1xx_hal_exti.o
LOAD ./Drivers/STM32F1xx_HAL_Driver/Src/stm32f1xx_hal_flash.o
LOAD ./Drivers/STM32F1xx_HAL_Driver/Src/stm32f1xx_hal_flash_ex.o
LOAD ./Drivers/STM32F1xx_HAL_Driver/Src/stm32f1xx_hal_gpio.o
LOAD ./Drivers/STM32F1xx_HAL_Driver/Src/stm32f1xx_hal_gpio_ex.o
LOAD ./Drivers/STM32F1xx_HAL_Driver/Src/stm32f1xx_hal_pwr.o
LOAD ./Drivers/STM32F1xx_HAL_Driver/Src/stm32f1xx_hal_rcc.o
LOAD ./Drivers/STM32F1xx_HAL_Driver/Src/stm32f1xx_hal_rcc_ex.o
LOAD ./Drivers/STM32F1xx_HAL_Driver/Src/stm32f1xx_hal_tim.o
LOAD ./Drivers/STM32F1xx_HAL_Driver/Src/stm32f1xx_hal_tim_ex.o
LOAD ./Drivers/STM32F1xx_HAL_Driver/Src/stm32f1xx_hal_uart.o
LOAD ./Src/analog.o
LOAD ./Src/canmsg.o
LOAD ./Src/eeprom.o
LOAD ./Src/machine.o
LOAD ./Src/main.o
LOAD ./Src/oldflash2hal.o
LOAD ./Src/stm32f1xx_hal_msp.o
LOAD ./Src/stm32f1xx_it.o
LOAD ./Src/syscalls.o
LOAD ./Src/sysmem.o
LOAD ./Src/system_stm32f1xx.o
LOAD ./Startup/startup_stm32f103retx.o
START GROUP
LOAD c:/st/stm32cubeide_1.4.0/stm32cubeide/plugins/com.st.stm32cube.ide.mcu.externaltools.gnu-tools-for-stm32.9-2020-q2-update.win32_2.0.0.202105311346/tools/bin/../lib/gcc/arm-none-eabi/9.3.1/../../../../arm-none-eabi/lib/thumb/v7-m/nofp\libc_nano.a
LOAD c:/st/stm32cubeide_1.4.0/stm32cubeide/plugins/com.st.stm32cube.ide.mcu.externaltools.gnu-tools-for-stm32.9-2020-q2-update.win32_2.0.0.202105311346/tools/bin/../lib/gcc/arm-none-eabi/9.3.1/../../../../arm-none-eabi/lib/thumb/v7-m/nofp\libm.a
END GROUP
START GROUP
LOAD c:/st/stm32cubeide_1.4.0/stm32cubeide/plugins/com.st.stm32cube.ide.mcu.externaltools.gnu-tools-for-stm32.9-2020-q2-update.win32_2.0.0.202105311346/tools/bin/../lib/gcc/arm-none-eabi/9.3.1/thumb/v7-m/nofp\libgcc.a
LOAD c:/st/stm32cubeide_1.4.0/stm32cubeide/plugins/com.st.stm32cube.ide.mcu.externaltools.gnu-tools-for-stm32.9-2020-q2-update.win32_2.0.0.202105311346/tools/bin/../lib/gcc/arm-none-eabi/9.3.1/../../../../arm-none-eabi/lib/thumb/v7-m/nofp\libc_nano.a
END GROUP
START GROUP
LOAD c:/st/stm32cubeide_1.4.0/stm32cubeide/plugins/com.st.stm32cube.ide.mcu.externaltools.gnu-tools-for-stm32.9-2020-q2-update.win32_2.0.0.202105311346/tools/bin/../lib/gcc/arm-none-eabi/9.3.1/thumb/v7-m/nofp\libgcc.a
LOAD c:/st/stm32cubeide_1.4.0/stm32cubeide/plugins/com.st.stm32cube.ide.mcu.externaltools.gnu-tools-for-stm32.9-2020-q2-update.win32_2.0.0.202105311346/tools/bin/../lib/gcc/arm-none-eabi/9.3.1/../../../../arm-none-eabi/lib/thumb/v7-m/nofp\libc_nano.a
LOAD c:/st/stm32cubeide_1.4.0/stm32cubeide/plugins/com.st.stm32cube.ide.mcu.externaltools.gnu-tools-for-stm32.9-2020-q2-update.win32_2.0.0.202105311346/tools/bin/../lib/gcc/arm-none-eabi/9.3.1/../../../../arm-none-eabi/lib/thumb/v7-m/nofp\libnosys.a
END GROUP
START GROUP
LOAD c:/st/stm32cubeide_1.4.0/stm32cubeide/plugins/com.st.stm32cube.ide.mcu.externaltools.gnu-tools-for-stm32.9-2020-q2-update.win32_2.0.0.202105311346/tools/bin/../lib/gcc/arm-none-eabi/9.3.1/thumb/v7-m/nofp\libgcc.a
LOAD c:/st/stm32cubeide_1.4.0/stm32cubeide/plugins/com.st.stm32cube.ide.mcu.externaltools.gnu-tools-for-stm32.9-2020-q2-update.win32_2.0.0.202105311346/tools/bin/../lib/gcc/arm-none-eabi/9.3.1/../../../../arm-none-eabi/lib/thumb/v7-m/nofp\libc_nano.a
LOAD c:/st/stm32cubeide_1.4.0/stm32cubeide/plugins/com.st.stm32cube.ide.mcu.externaltools.gnu-tools-for-stm32.9-2020-q2-update.win32_2.0.0.202105311346/tools/bin/../lib/gcc/arm-none-eabi/9.3.1/../../../../arm-none-eabi/lib/thumb/v7-m/nofp\libnosys.a
END GROUP
LOAD c:/st/stm32cubeide_1.4.0/stm32cubeide/plugins/com.st.stm32cube.ide.mcu.externaltools.gnu-tools-for-stm32.9-2020-q2-update.win32_2.0.0.202105311346/tools/bin/../lib/gcc/arm-none-eabi/9.3.1/thumb/v7-m/nofp/crtend.o
LOAD c:/st/stm32cubeide_1.4.0/stm32cubeide/plugins/com.st.stm32cube.ide.mcu.externaltools.gnu-tools-for-stm32.9-2020-q2-update.win32_2.0.0.202105311346/tools/bin/../lib/gcc/arm-none-eabi/9.3.1/thumb/v7-m/nofp/crtn.o
                0x0000000020010000                _estack = (ORIGIN (RAM) + LENGTH (RAM))
                0x0000000000002000                _Min_Heap_Size = 0x2000
                0x0000000000004000                _Min_Stack_Size = 0x4000

.isr_vector     0x0000000008000000      0x1e4
                0x0000000008000000                . = ALIGN (0x4)
 *(.isr_vector)
 .isr_vector    0x0000000008000000      0x1e4 ./Startup/startup_stm32f103retx.o
                0x0000000008000000                g_pfnVectors
                0x00000000080001e4                . = ALIGN (0x4)

.text           0x00000000080001e8     0x5230
                0x00000000080001e8                . = ALIGN (0x4)
 *(.text)
 .text          0x00000000080001e8       0x40 c:/st/stm32cubeide_1.4.0/stm32cubeide/plugins/com.st.stm32cube.ide.mcu.externaltools.gnu-tools-for-stm32.9-2020-q2-update.win32_2.0.0.202105311346/tools/bin/../lib/gcc/arm-none-eabi/9.3.1/thumb/v7-m/nofp/crtbegin.o
 .text          0x0000000008000228      0x378 c:/st/stm32cubeide_1.4.0/stm32cubeide/plugins/com.st.stm32cube.ide.mcu.externaltools.gnu-tools-for-stm32.9-2020-q2-update.win32_2.0.0.202105311346/tools/bin/../lib/gcc/arm-none-eabi/9.3.1/thumb/v7-m/nofp\libgcc.a(_arm_addsubdf3.o)
                0x0000000008000228                __aeabi_drsub
                0x0000000008000230                __aeabi_dsub
                0x0000000008000230                __subdf3
                0x0000000008000234                __aeabi_dadd
                0x0000000008000234                __adddf3
                0x00000000080004ac                __floatunsidf
                0x00000000080004ac                __aeabi_ui2d
                0x00000000080004cc                __floatsidf
                0x00000000080004cc                __aeabi_i2d
                0x00000000080004f0                __aeabi_f2d
                0x00000000080004f0                __extendsfdf2
                0x0000000008000534                __floatundidf
                0x0000000008000534                __aeabi_ul2d
                0x0000000008000544                __floatdidf
                0x0000000008000544                __aeabi_l2d
 .text          0x00000000080005a0      0x424 c:/st/stm32cubeide_1.4.0/stm32cubeide/plugins/com.st.stm32cube.ide.mcu.externaltools.gnu-tools-for-stm32.9-2020-q2-update.win32_2.0.0.202105311346/tools/bin/../lib/gcc/arm-none-eabi/9.3.1/thumb/v7-m/nofp\libgcc.a(_arm_muldivdf3.o)
                0x00000000080005a0                __aeabi_dmul
                0x00000000080005a0                __muldf3
                0x00000000080007f4                __divdf3
                0x00000000080007f4                __aeabi_ddiv
 .text          0x00000000080009c4      0x110 c:/st/stm32cubeide_1.4.0/stm32cubeide/plugins/com.st.stm32cube.ide.mcu.externaltools.gnu-tools-for-stm32.9-2020-q2-update.win32_2.0.0.202105311346/tools/bin/../lib/gcc/arm-none-eabi/9.3.1/thumb/v7-m/nofp\libgcc.a(_arm_cmpdf2.o)
                0x00000000080009c4                __gtdf2
                0x00000000080009c4                __gedf2
                0x00000000080009cc                __ltdf2
                0x00000000080009cc                __ledf2
                0x00000000080009d4                __nedf2
                0x00000000080009d4                __eqdf2
                0x00000000080009d4                __cmpdf2
                0x0000000008000a50                __aeabi_cdrcmple
                0x0000000008000a60                __aeabi_cdcmpeq
                0x0000000008000a60                __aeabi_cdcmple
                0x0000000008000a70                __aeabi_dcmpeq
                0x0000000008000a84                __aeabi_dcmplt
                0x0000000008000a98                __aeabi_dcmple
                0x0000000008000aac                __aeabi_dcmpge
                0x0000000008000ac0                __aeabi_dcmpgt
 .text          0x0000000008000ad4       0x2c c:/st/stm32cubeide_1.4.0/stm32cubeide/plugins/com.st.stm32cube.ide.mcu.externaltools.gnu-tools-for-stm32.9-2020-q2-update.win32_2.0.0.202105311346/tools/bin/../lib/gcc/arm-none-eabi/9.3.1/thumb/v7-m/nofp\libgcc.a(_arm_unorddf2.o)
                0x0000000008000ad4                __unorddf2
                0x0000000008000ad4                __aeabi_dcmpun
 .text          0x0000000008000b00       0x40 c:/st/stm32cubeide_1.4.0/stm32cubeide/plugins/com.st.stm32cube.ide.mcu.externaltools.gnu-tools-for-stm32.9-2020-q2-update.win32_2.0.0.202105311346/tools/bin/../lib/gcc/arm-none-eabi/9.3.1/thumb/v7-m/nofp\libgcc.a(_arm_fixunsdfsi.o)
                0x0000000008000b00                __aeabi_d2uiz
                0x0000000008000b00                __fixunsdfsi
 *(.text*)
 .text.HAL_InitTick
                0x0000000008000b40       0x48 ./Drivers/STM32F1xx_HAL_Driver/Src/stm32f1xx_hal.o
                0x0000000008000b40                HAL_InitTick
 .text.HAL_Init
                0x0000000008000b88       0x24 ./Drivers/STM32F1xx_HAL_Driver/Src/stm32f1xx_hal.o
                0x0000000008000b88                HAL_Init
 .text.HAL_IncTick
                0x0000000008000bac       0x18 ./Drivers/STM32F1xx_HAL_Driver/Src/stm32f1xx_hal.o
                0x0000000008000bac                HAL_IncTick
 .text.HAL_GetTick
                0x0000000008000bc4        0xc ./Drivers/STM32F1xx_HAL_Driver/Src/stm32f1xx_hal.o
                0x0000000008000bc4                HAL_GetTick
 .text.HAL_Delay
                0x0000000008000bd0       0x24 ./Drivers/STM32F1xx_HAL_Driver/Src/stm32f1xx_hal.o
                0x0000000008000bd0                HAL_Delay
 .text.ADC_DMAConvCplt
                0x0000000008000bf4       0x4e ./Drivers/STM32F1xx_HAL_Driver/Src/stm32f1xx_hal_adc.o
                0x0000000008000bf4                ADC_DMAConvCplt
 .text.HAL_ADC_ConvHalfCpltCallback
                0x0000000008000c42        0x2 ./Drivers/STM32F1xx_HAL_Driver/Src/stm32f1xx_hal_adc.o
                0x0000000008000c42                HAL_ADC_ConvHalfCpltCallback
 .text.ADC_DMAHalfConvCplt
                0x0000000008000c44        0xa ./Drivers/STM32F1xx_HAL_Driver/Src/stm32f1xx_hal_adc.o
                0x0000000008000c44                ADC_DMAHalfConvCplt
 .text.ADC_DMAError
                0x0000000008000c4e       0x1a ./Drivers/STM32F1xx_HAL_Driver/Src/stm32f1xx_hal_adc.o
                0x0000000008000c4e                ADC_DMAError
 .text.HAL_ADC_ConfigChannel
                0x0000000008000c68       0xfc ./Drivers/STM32F1xx_HAL_Driver/Src/stm32f1xx_hal_adc.o
                0x0000000008000c68                HAL_ADC_ConfigChannel
 .text.ADC_Enable
                0x0000000008000d64       0x78 ./Drivers/STM32F1xx_HAL_Driver/Src/stm32f1xx_hal_adc.o
                0x0000000008000d64                ADC_Enable
 .text.HAL_ADC_Start_DMA
                0x0000000008000ddc      0x11c ./Drivers/STM32F1xx_HAL_Driver/Src/stm32f1xx_hal_adc.o
                0x0000000008000ddc                HAL_ADC_Start_DMA
 .text.ADC_ConversionStop_Disable
                0x0000000008000ef8       0x4c ./Drivers/STM32F1xx_HAL_Driver/Src/stm32f1xx_hal_adc.o
                0x0000000008000ef8                ADC_ConversionStop_Disable
 .text.HAL_ADC_Init
                0x0000000008000f44      0x114 ./Drivers/STM32F1xx_HAL_Driver/Src/stm32f1xx_hal_adc.o
                0x0000000008000f44                HAL_ADC_Init
 .text.HAL_ADC_Stop_DMA
                0x0000000008001058       0x56 ./Drivers/STM32F1xx_HAL_Driver/Src/stm32f1xx_hal_adc.o
                0x0000000008001058                HAL_ADC_Stop_DMA
 *fill*         0x00000000080010ae        0x2 
 .text.HAL_ADCEx_Calibration_Start
                0x00000000080010b0       0xe0 ./Drivers/STM32F1xx_HAL_Driver/Src/stm32f1xx_hal_adc_ex.o
                0x00000000080010b0                HAL_ADCEx_Calibration_Start
 .text.HAL_CAN_Init
                0x0000000008001190       0xf6 ./Drivers/STM32F1xx_HAL_Driver/Src/stm32f1xx_hal_can.o
                0x0000000008001190                HAL_CAN_Init
 .text.HAL_CAN_ConfigFilter
                0x0000000008001286       0xde ./Drivers/STM32F1xx_HAL_Driver/Src/stm32f1xx_hal_can.o
                0x0000000008001286                HAL_CAN_ConfigFilter
 .text.HAL_CAN_Start
                0x0000000008001364       0x5c ./Drivers/STM32F1xx_HAL_Driver/Src/stm32f1xx_hal_can.o
                0x0000000008001364                HAL_CAN_Start
 .text.HAL_CAN_Stop
                0x00000000080013c0       0x5c ./Drivers/STM32F1xx_HAL_Driver/Src/stm32f1xx_hal_can.o
                0x00000000080013c0                HAL_CAN_Stop
 .text.HAL_CAN_DeInit
                0x000000000800141c       0x28 ./Drivers/STM32F1xx_HAL_Driver/Src/stm32f1xx_hal_can.o
                0x000000000800141c                HAL_CAN_DeInit
 .text.HAL_CAN_AddTxMessage
                0x0000000008001444       0x9c ./Drivers/STM32F1xx_HAL_Driver/Src/stm32f1xx_hal_can.o
                0x0000000008001444                HAL_CAN_AddTxMessage
 .text.HAL_CAN_GetRxMessage
                0x00000000080014e0       0xee ./Drivers/STM32F1xx_HAL_Driver/Src/stm32f1xx_hal_can.o
                0x00000000080014e0                HAL_CAN_GetRxMessage
 .text.HAL_CAN_ActivateNotification
                0x00000000080015ce       0x22 ./Drivers/STM32F1xx_HAL_Driver/Src/stm32f1xx_hal_can.o
                0x00000000080015ce                HAL_CAN_ActivateNotification
 .text.HAL_CAN_TxMailbox1CompleteCallback
                0x00000000080015f0        0x2 ./Drivers/STM32F1xx_HAL_Driver/Src/stm32f1xx_hal_can.o
                0x00000000080015f0                HAL_CAN_TxMailbox1CompleteCallback
 .text.HAL_CAN_TxMailbox2CompleteCallback
                0x00000000080015f2        0x2 ./Drivers/STM32F1xx_HAL_Driver/Src/stm32f1xx_hal_can.o
                0x00000000080015f2                HAL_CAN_TxMailbox2CompleteCallback
 .text.HAL_CAN_TxMailbox1AbortCallback
                0x00000000080015f4        0x2 ./Drivers/STM32F1xx_HAL_Driver/Src/stm32f1xx_hal_can.o
                0x00000000080015f4                HAL_CAN_TxMailbox1AbortCallback
 .text.HAL_CAN_TxMailbox2AbortCallback
                0x00000000080015f6        0x2 ./Drivers/STM32F1xx_HAL_Driver/Src/stm32f1xx_hal_can.o
                0x00000000080015f6                HAL_CAN_TxMailbox2AbortCallback
 .text.HAL_CAN_RxFifo0FullCallback
                0x00000000080015f8        0x2 ./Drivers/STM32F1xx_HAL_Driver/Src/stm32f1xx_hal_can.o
                0x00000000080015f8                HAL_CAN_RxFifo0FullCallback
 .text.HAL_CAN_RxFifo1MsgPendingCallback
                0x00000000080015fa        0x2 ./Drivers/STM32F1xx_HAL_Driver/Src/stm32f1xx_hal_can.o
                0x00000000080015fa                HAL_CAN_RxFifo1MsgPendingCallback
 .text.HAL_CAN_RxFifo1FullCallback
                0x00000000080015fc        0x2 ./Drivers/STM32F1xx_HAL_Driver/Src/stm32f1xx_hal_can.o
                0x00000000080015fc                HAL_CAN_RxFifo1FullCallback
 .text.HAL_CAN_SleepCallback
                0x00000000080015fe        0x2 ./Drivers/STM32F1xx_HAL_Driver/Src/stm32f1xx_hal_can.o
                0x00000000080015fe                HAL_CAN_SleepCallback
 .text.HAL_CAN_WakeUpFromRxMsgCallback
                0x0000000008001600        0x2 ./Drivers/STM32F1xx_HAL_Driver/Src/stm32f1xx_hal_can.o
                0x0000000008001600                HAL_CAN_WakeUpFromRxMsgCallback
 .text.HAL_CAN_IRQHandler
                0x0000000008001602      0x1fc ./Drivers/STM32F1xx_HAL_Driver/Src/stm32f1xx_hal_can.o
                0x0000000008001602                HAL_CAN_IRQHandler
 .text.HAL_CAN_GetState
                0x00000000080017fe       0x26 ./Drivers/STM32F1xx_HAL_Driver/Src/stm32f1xx_hal_can.o
                0x00000000080017fe                HAL_CAN_GetState
 .text.HAL_CAN_GetError
                0x0000000008001824        0x4 ./Drivers/STM32F1xx_HAL_Driver/Src/stm32f1xx_hal_can.o
                0x0000000008001824                HAL_CAN_GetError
 .text.HAL_NVIC_SetPriorityGrouping
                0x0000000008001828       0x24 ./Drivers/STM32F1xx_HAL_Driver/Src/stm32f1xx_hal_cortex.o
                0x0000000008001828                HAL_NVIC_SetPriorityGrouping
 .text.HAL_NVIC_SetPriority
                0x000000000800184c       0x64 ./Drivers/STM32F1xx_HAL_Driver/Src/stm32f1xx_hal_cortex.o
                0x000000000800184c                HAL_NVIC_SetPriority
 .text.HAL_NVIC_EnableIRQ
                0x00000000080018b0       0x1c ./Drivers/STM32F1xx_HAL_Driver/Src/stm32f1xx_hal_cortex.o
                0x00000000080018b0                HAL_NVIC_EnableIRQ
 .text.HAL_NVIC_DisableIRQ
                0x00000000080018cc       0x28 ./Drivers/STM32F1xx_HAL_Driver/Src/stm32f1xx_hal_cortex.o
                0x00000000080018cc                HAL_NVIC_DisableIRQ
 .text.HAL_NVIC_SystemReset
                0x00000000080018f4       0x24 ./Drivers/STM32F1xx_HAL_Driver/Src/stm32f1xx_hal_cortex.o
                0x00000000080018f4                HAL_NVIC_SystemReset
 .text.HAL_SYSTICK_Config
                0x0000000008001918       0x2c ./Drivers/STM32F1xx_HAL_Driver/Src/stm32f1xx_hal_cortex.o
                0x0000000008001918                HAL_SYSTICK_Config
 .text.HAL_DMA_Init
                0x0000000008001944       0x7c ./Drivers/STM32F1xx_HAL_Driver/Src/stm32f1xx_hal_dma.o
                0x0000000008001944                HAL_DMA_Init
 .text.HAL_DMA_Start_IT
                0x00000000080019c0       0x78 ./Drivers/STM32F1xx_HAL_Driver/Src/stm32f1xx_hal_dma.o
                0x00000000080019c0                HAL_DMA_Start_IT
 .text.HAL_DMA_Abort
                0x0000000008001a38       0x3c ./Drivers/STM32F1xx_HAL_Driver/Src/stm32f1xx_hal_dma.o
                0x0000000008001a38                HAL_DMA_Abort
 .text.HAL_DMA_Abort_IT
                0x0000000008001a74      0x13c ./Drivers/STM32F1xx_HAL_Driver/Src/stm32f1xx_hal_dma.o
                0x0000000008001a74                HAL_DMA_Abort_IT
 .text.HAL_DMA_IRQHandler
                0x0000000008001bb0      0x27c ./Drivers/STM32F1xx_HAL_Driver/Src/stm32f1xx_hal_dma.o
                0x0000000008001bb0                HAL_DMA_IRQHandler
 .text.FLASH_SetErrorCode
                0x0000000008001e2c       0x50 ./Drivers/STM32F1xx_HAL_Driver/Src/stm32f1xx_hal_flash.o
 .text.HAL_FLASH_Unlock
                0x0000000008001e7c       0x24 ./Drivers/STM32F1xx_HAL_Driver/Src/stm32f1xx_hal_flash.o
                0x0000000008001e7c                HAL_FLASH_Unlock
 .text.HAL_FLASH_Lock
                0x0000000008001ea0       0x14 ./Drivers/STM32F1xx_HAL_Driver/Src/stm32f1xx_hal_flash.o
                0x0000000008001ea0                HAL_FLASH_Lock
 .text.FLASH_WaitForLastOperation
                0x0000000008001eb4       0x54 ./Drivers/STM32F1xx_HAL_Driver/Src/stm32f1xx_hal_flash.o
                0x0000000008001eb4                FLASH_WaitForLastOperation
 .text.HAL_FLASH_Program
                0x0000000008001f08       0xa4 ./Drivers/STM32F1xx_HAL_Driver/Src/stm32f1xx_hal_flash.o
                0x0000000008001f08                HAL_FLASH_Program
 .text.FLASH_MassErase.isra.0
                0x0000000008001fac       0x24 ./Drivers/STM32F1xx_HAL_Driver/Src/stm32f1xx_hal_flash_ex.o
 .text.FLASH_PageErase
                0x0000000008001fd0       0x24 ./Drivers/STM32F1xx_HAL_Driver/Src/stm32f1xx_hal_flash_ex.o
                0x0000000008001fd0                FLASH_PageErase
 .text.HAL_FLASHEx_Erase
                0x0000000008001ff4       0x98 ./Drivers/STM32F1xx_HAL_Driver/Src/stm32f1xx_hal_flash_ex.o
                0x0000000008001ff4                HAL_FLASHEx_Erase
 .text.HAL_GPIO_Init
                0x000000000800208c      0x1d4 ./Drivers/STM32F1xx_HAL_Driver/Src/stm32f1xx_hal_gpio.o
                0x000000000800208c                HAL_GPIO_Init
 .text.HAL_GPIO_DeInit
                0x0000000008002260       0xf0 ./Drivers/STM32F1xx_HAL_Driver/Src/stm32f1xx_hal_gpio.o
                0x0000000008002260                HAL_GPIO_DeInit
 .text.HAL_GPIO_ReadPin
                0x0000000008002350        0xc ./Drivers/STM32F1xx_HAL_Driver/Src/stm32f1xx_hal_gpio.o
                0x0000000008002350                HAL_GPIO_ReadPin
 .text.HAL_GPIO_WritePin
                0x000000000800235c        0xa ./Drivers/STM32F1xx_HAL_Driver/Src/stm32f1xx_hal_gpio.o
                0x000000000800235c                HAL_GPIO_WritePin
 .text.HAL_GPIO_TogglePin
                0x0000000008002366       0x12 ./Drivers/STM32F1xx_HAL_Driver/Src/stm32f1xx_hal_gpio.o
                0x0000000008002366                HAL_GPIO_TogglePin
 .text.HAL_RCC_OscConfig
                0x0000000008002378      0x338 ./Drivers/STM32F1xx_HAL_Driver/Src/stm32f1xx_hal_rcc.o
                0x0000000008002378                HAL_RCC_OscConfig
 .text.HAL_RCC_GetSysClockFreq
                0x00000000080026b0       0x74 ./Drivers/STM32F1xx_HAL_Driver/Src/stm32f1xx_hal_rcc.o
                0x00000000080026b0                HAL_RCC_GetSysClockFreq
 .text.HAL_RCC_ClockConfig
                0x0000000008002724      0x138 ./Drivers/STM32F1xx_HAL_Driver/Src/stm32f1xx_hal_rcc.o
                0x0000000008002724                HAL_RCC_ClockConfig
 .text.HAL_RCC_GetPCLK1Freq
                0x000000000800285c       0x20 ./Drivers/STM32F1xx_HAL_Driver/Src/stm32f1xx_hal_rcc.o
                0x000000000800285c                HAL_RCC_GetPCLK1Freq
 .text.HAL_RCC_GetPCLK2Freq
                0x000000000800287c       0x20 ./Drivers/STM32F1xx_HAL_Driver/Src/stm32f1xx_hal_rcc.o
                0x000000000800287c                HAL_RCC_GetPCLK2Freq
 .text.HAL_RCCEx_PeriphCLKConfig
                0x000000000800289c       0xf0 ./Drivers/STM32F1xx_HAL_Driver/Src/stm32f1xx_hal_rcc_ex.o
                0x000000000800289c                HAL_RCCEx_PeriphCLKConfig
 .text.HAL_RCCEx_GetPeriphCLKFreq
                0x000000000800298c      0x108 ./Drivers/STM32F1xx_HAL_Driver/Src/stm32f1xx_hal_rcc_ex.o
                0x000000000800298c                HAL_RCCEx_GetPeriphCLKFreq
 .text.UART_EndRxTransfer
                0x0000000008002a94       0x2c ./Drivers/STM32F1xx_HAL_Driver/Src/stm32f1xx_hal_uart.o
 .text.UART_SetConfig
                0x0000000008002ac0       0x74 ./Drivers/STM32F1xx_HAL_Driver/Src/stm32f1xx_hal_uart.o
 .text.HAL_UART_Init
                0x0000000008002b34       0x5c ./Drivers/STM32F1xx_HAL_Driver/Src/stm32f1xx_hal_uart.o
                0x0000000008002b34                HAL_UART_Init
 .text.HAL_UART_TxCpltCallback
                0x0000000008002b90        0x2 ./Drivers/STM32F1xx_HAL_Driver/Src/stm32f1xx_hal_uart.o
                0x0000000008002b90                HAL_UART_TxCpltCallback
 .text.HAL_UART_RxCpltCallback
                0x0000000008002b92        0x2 ./Drivers/STM32F1xx_HAL_Driver/Src/stm32f1xx_hal_uart.o
                0x0000000008002b92                HAL_UART_RxCpltCallback
 .text.HAL_UART_ErrorCallback
                0x0000000008002b94        0x2 ./Drivers/STM32F1xx_HAL_Driver/Src/stm32f1xx_hal_uart.o
                0x0000000008002b94                HAL_UART_ErrorCallback
 .text.UART_DMAAbortOnError
                0x0000000008002b96       0x10 ./Drivers/STM32F1xx_HAL_Driver/Src/stm32f1xx_hal_uart.o
 .text.HAL_UARTEx_RxEventCallback
                0x0000000008002ba6        0x2 ./Drivers/STM32F1xx_HAL_Driver/Src/stm32f1xx_hal_uart.o
                0x0000000008002ba6                HAL_UARTEx_RxEventCallback
 .text.UART_Receive_IT
                0x0000000008002ba8       0xa4 ./Drivers/STM32F1xx_HAL_Driver/Src/stm32f1xx_hal_uart.o
 .text.HAL_UART_IRQHandler
                0x0000000008002c4c      0x200 ./Drivers/STM32F1xx_HAL_Driver/Src/stm32f1xx_hal_uart.o
                0x0000000008002c4c                HAL_UART_IRQHandler
 *fill*         0x0000000008002e4c        0x4 
 .text.Adc2T    0x0000000008002e50       0x9c ./Src/analog.o
 .text.AnalogInit
                0x0000000008002eec       0x20 ./Src/analog.o
                0x0000000008002eec                AnalogInit
 *fill*         0x0000000008002f0c        0x4 
 .text.AnalogManager
                0x0000000008002f10       0xb8 ./Src/analog.o
                0x0000000008002f10                AnalogManager
 .text.HAL_ADC_ConvCpltCallback
                0x0000000008002fc8       0x18 ./Src/analog.o
                0x0000000008002fc8                HAL_ADC_ConvCpltCallback
 .text.HAL_ADC_ErrorCallback
                0x0000000008002fe0       0x10 ./Src/analog.o
                0x0000000008002fe0                HAL_ADC_ErrorCallback
 .text.CanIdCheck
                0x0000000008002ff0       0x60 ./Src/canmsg.o
 .text.CnMsgFilterList
                0x0000000008003050       0x4c ./Src/canmsg.o
 .text.CanInit  0x000000000800309c      0x1a8 ./Src/canmsg.o
 .text.CanSendCfgData
                0x0000000008003244       0xac ./Src/canmsg.o
 .text.CanSpeedInit
                0x00000000080032f0       0xac ./Src/canmsg.o
 .text.CanReInit
                0x000000000800339c        0xc ./Src/canmsg.o
 .text.CanMsgInit
                0x00000000080033a8       0x38 ./Src/canmsg.o
                0x00000000080033a8                CanMsgInit
 .text.CanMsgManager
                0x00000000080033e0      0x684 ./Src/canmsg.o
                0x00000000080033e0                CanMsgManager
 .text.HAL_CAN_ErrorCallback
                0x0000000008003a64       0x5c ./Src/canmsg.o
                0x0000000008003a64                HAL_CAN_ErrorCallback
 .text.HAL_CAN_RxFifo0MsgPendingCallback
                0x0000000008003ac0       0xac ./Src/canmsg.o
                0x0000000008003ac0                HAL_CAN_RxFifo0MsgPendingCallback
 .text.HAL_CAN_TxMailbox0CompleteCallback
                0x0000000008003b6c       0x34 ./Src/canmsg.o
                0x0000000008003b6c                HAL_CAN_TxMailbox0CompleteCallback
 .text.HAL_CAN_TxMailbox0AbortCallback
                0x0000000008003ba0        0xc ./Src/canmsg.o
                0x0000000008003ba0                HAL_CAN_TxMailbox0AbortCallback
 .text.EE_VerifyPageFullWriteVariable
                0x0000000008003bac       0x74 ./Src/eeprom.o
 .text.EE_Format
                0x0000000008003c20       0x2c ./Src/eeprom.o
 .text.EE_ReadVariable
                0x0000000008003c4c       0x50 ./Src/eeprom.o
                0x0000000008003c4c                EE_ReadVariable
 .text.EE_Init  0x0000000008003c9c      0x138 ./Src/eeprom.o
                0x0000000008003c9c                EE_Init
 .text.EE_WriteVariable
                0x0000000008003dd4       0xb8 ./Src/eeprom.o
                0x0000000008003dd4                EE_WriteVariable
 .text.Logic    0x0000000008003e8c       0xa4 ./Src/machine.o
 .text.MachineFault
                0x0000000008003f30       0x24 ./Src/machine.o
                0x0000000008003f30                MachineFault
 .text.MachineLogic
                0x0000000008003f54      0x148 ./Src/machine.o
                0x0000000008003f54                MachineLogic
 .text.SystemClock_Config
                0x000000000800409c       0x82 ./Src/main.o
                0x000000000800409c                SystemClock_Config
 *fill*         0x000000000800411e        0x2 
 .text.startup.main
                0x0000000008004120      0x250 ./Src/main.o
                0x0000000008004120                main
 .text.Error_Handler
                0x0000000008004370        0x4 ./Src/main.o
                0x0000000008004370                Error_Handler
 .text.FLASH_Unlock
                0x0000000008004374        0x4 ./Src/oldflash2hal.o
                0x0000000008004374                FLASH_Unlock
 .text.FLASH_Lock
                0x0000000008004378        0x4 ./Src/oldflash2hal.o
                0x0000000008004378                FLASH_Lock
 .text.FLASH_ErasePage
                0x000000000800437c       0x2c ./Src/oldflash2hal.o
                0x000000000800437c                FLASH_ErasePage
 .text.FLASH_ProgramHalfWord
                0x00000000080043a8       0x20 ./Src/oldflash2hal.o
                0x00000000080043a8                FLASH_ProgramHalfWord
 .text.HAL_MspInit
                0x00000000080043c8       0x44 ./Src/stm32f1xx_hal_msp.o
                0x00000000080043c8                HAL_MspInit
 .text.HAL_ADC_MspInit
                0x000000000800440c       0x94 ./Src/stm32f1xx_hal_msp.o
                0x000000000800440c                HAL_ADC_MspInit
 .text.HAL_CAN_MspInit
                0x00000000080044a0       0x98 ./Src/stm32f1xx_hal_msp.o
                0x00000000080044a0                HAL_CAN_MspInit
 .text.HAL_CAN_MspDeInit
                0x0000000008004538       0x3c ./Src/stm32f1xx_hal_msp.o
                0x0000000008004538                HAL_CAN_MspDeInit
 .text.HAL_UART_MspInit
                0x0000000008004574       0x9c ./Src/stm32f1xx_hal_msp.o
                0x0000000008004574                HAL_UART_MspInit
 .text.NMI_Handler
                0x0000000008004610        0x8 ./Src/stm32f1xx_it.o
                0x0000000008004610                NMI_Handler
 .text.HardFault_Handler
                0x0000000008004618        0x8 ./Src/stm32f1xx_it.o
                0x0000000008004618                HardFault_Handler
 .text.MemManage_Handler
                0x0000000008004620        0x8 ./Src/stm32f1xx_it.o
                0x0000000008004620                MemManage_Handler
 .text.BusFault_Handler
                0x0000000008004628        0x8 ./Src/stm32f1xx_it.o
                0x0000000008004628                BusFault_Handler
 .text.UsageFault_Handler
                0x0000000008004630        0x8 ./Src/stm32f1xx_it.o
                0x0000000008004630                UsageFault_Handler
 .text.SVC_Handler
                0x0000000008004638        0x2 ./Src/stm32f1xx_it.o
                0x0000000008004638                SVC_Handler
 .text.DebugMon_Handler
                0x000000000800463a        0x2 ./Src/stm32f1xx_it.o
                0x000000000800463a                DebugMon_Handler
 .text.PendSV_Handler
                0x000000000800463c        0x2 ./Src/stm32f1xx_it.o
                0x000000000800463c                PendSV_Handler
 *fill*         0x000000000800463e        0x2 
 .text.SysTick_Handler
                0x0000000008004640       0x38 ./Src/stm32f1xx_it.o
                0x0000000008004640                SysTick_Handler
 .text.DMA1_Channel1_IRQHandler
                0x0000000008004678        0xc ./Src/stm32f1xx_it.o
                0x0000000008004678                DMA1_Channel1_IRQHandler
 .text.USB_HP_CAN1_TX_IRQHandler
                0x0000000008004684        0xc ./Src/stm32f1xx_it.o
                0x0000000008004684                USB_HP_CAN1_TX_IRQHandler
 .text.USB_LP_CAN1_RX0_IRQHandler
                0x0000000008004690        0x4 ./Src/stm32f1xx_it.o
                0x0000000008004690                USB_LP_CAN1_RX0_IRQHandler
 .text.USART3_IRQHandler
                0x0000000008004694        0xc ./Src/stm32f1xx_it.o
                0x0000000008004694                USART3_IRQHandler
 .text._sbrk    0x00000000080046a0       0x40 ./Src/sysmem.o
                0x00000000080046a0                _sbrk
 .text.SystemInit
                0x00000000080046e0        0x2 ./Src/system_stm32f1xx.o
                0x00000000080046e0                SystemInit
 *fill*         0x00000000080046e2        0x2 
 .text.Reset_Handler
                0x00000000080046e4       0x48 ./Startup/startup_stm32f103retx.o
                0x00000000080046e4                Reset_Handler
 .text.Default_Handler
                0x000000000800472c        0x2 ./Startup/startup_stm32f103retx.o
                0x000000000800472c                RTC_Alarm_IRQHandler
                0x000000000800472c                EXTI2_IRQHandler
                0x000000000800472c                TIM8_TRG_COM_IRQHandler
                0x000000000800472c                TIM8_CC_IRQHandler
                0x000000000800472c                TIM1_CC_IRQHandler
                0x000000000800472c                TIM6_IRQHandler
                0x000000000800472c                PVD_IRQHandler
                0x000000000800472c                SDIO_IRQHandler
                0x000000000800472c                EXTI3_IRQHandler
                0x000000000800472c                EXTI0_IRQHandler
                0x000000000800472c                I2C2_EV_IRQHandler
                0x000000000800472c                ADC1_2_IRQHandler
                0x000000000800472c                SPI1_IRQHandler
                0x000000000800472c                TAMPER_IRQHandler
                0x000000000800472c                TIM8_UP_IRQHandler
                0x000000000800472c                DMA2_Channel2_IRQHandler
                0x000000000800472c                DMA1_Channel4_IRQHandler
                0x000000000800472c                RTC_IRQHandler
                0x000000000800472c                DMA1_Channel7_IRQHandler
                0x000000000800472c                CAN1_RX1_IRQHandler
                0x000000000800472c                UART5_IRQHandler
                0x000000000800472c                ADC3_IRQHandler
                0x000000000800472c                TIM4_IRQHandler
                0x000000000800472c                DMA2_Channel1_IRQHandler
                0x000000000800472c                I2C1_EV_IRQHandler
                0x000000000800472c                DMA1_Channel6_IRQHandler
                0x000000000800472c                UART4_IRQHandler
                0x000000000800472c                TIM3_IRQHandler
                0x000000000800472c                RCC_IRQHandler
                0x000000000800472c                TIM1_TRG_COM_IRQHandler
                0x000000000800472c                Default_Handler
                0x000000000800472c                EXTI15_10_IRQHandler
                0x000000000800472c                TIM7_IRQHandler
                0x000000000800472c                TIM5_IRQHandler
                0x000000000800472c                EXTI9_5_IRQHandler
                0x000000000800472c                SPI2_IRQHandler
                0x000000000800472c                DMA1_Channel5_IRQHandler
                0x000000000800472c                EXTI4_IRQHandler
                0x000000000800472c                DMA1_Channel3_IRQHandler
                0x000000000800472c                FSMC_IRQHandler
                0x000000000800472c                TIM1_UP_IRQHandler
                0x000000000800472c                WWDG_IRQHandler
                0x000000000800472c                TIM2_IRQHandler
                0x000000000800472c                TIM1_BRK_IRQHandler
                0x000000000800472c                EXTI1_IRQHandler
                0x000000000800472c                DMA2_Channel4_5_IRQHandler
                0x000000000800472c                USART2_IRQHandler
                0x000000000800472c                I2C2_ER_IRQHandler
                0x000000000800472c                DMA1_Channel2_IRQHandler
                0x000000000800472c                TIM8_BRK_IRQHandler
                0x000000000800472c                CAN1_SCE_IRQHandler
                0x000000000800472c                FLASH_IRQHandler
                0x000000000800472c                USART1_IRQHandler
                0x000000000800472c                SPI3_IRQHandler
                0x000000000800472c                I2C1_ER_IRQHandler
                0x000000000800472c                USBWakeUp_IRQHandler
                0x000000000800472c                DMA2_Channel3_IRQHandler
 *fill*         0x000000000800472e        0x2 
 .text.__errno  0x0000000008004730        0xc c:/st/stm32cubeide_1.4.0/stm32cubeide/plugins/com.st.stm32cube.ide.mcu.externaltools.gnu-tools-for-stm32.9-2020-q2-update.win32_2.0.0.202105311346/tools/bin/../lib/gcc/arm-none-eabi/9.3.1/../../../../arm-none-eabi/lib/thumb/v7-m/nofp\libc_nano.a(lib_a-errno.o)
                0x0000000008004730                __errno
 .text.__libc_init_array
                0x000000000800473c       0x48 c:/st/stm32cubeide_1.4.0/stm32cubeide/plugins/com.st.stm32cube.ide.mcu.externaltools.gnu-tools-for-stm32.9-2020-q2-update.win32_2.0.0.202105311346/tools/bin/../lib/gcc/arm-none-eabi/9.3.1/../../../../arm-none-eabi/lib/thumb/v7-m/nofp\libc_nano.a(lib_a-init.o)
                0x000000000800473c                __libc_init_array
 .text.memset   0x0000000008004784       0x10 c:/st/stm32cubeide_1.4.0/stm32cubeide/plugins/com.st.stm32cube.ide.mcu.externaltools.gnu-tools-for-stm32.9-2020-q2-update.win32_2.0.0.202105311346/tools/bin/../lib/gcc/arm-none-eabi/9.3.1/../../../../arm-none-eabi/lib/thumb/v7-m/nofp\libc_nano.a(lib_a-memset.o)
                0x0000000008004784                memset
 .text.sprintf  0x0000000008004794       0x40 c:/st/stm32cubeide_1.4.0/stm32cubeide/plugins/com.st.stm32cube.ide.mcu.externaltools.gnu-tools-for-stm32.9-2020-q2-update.win32_2.0.0.202105311346/tools/bin/../lib/gcc/arm-none-eabi/9.3.1/../../../../arm-none-eabi/lib/thumb/v7-m/nofp\libc_nano.a(lib_a-sprintf.o)
                0x0000000008004794                siprintf
                0x0000000008004794                sprintf
 .text.strcpy   0x00000000080047d4       0x10 c:/st/stm32cubeide_1.4.0/stm32cubeide/plugins/com.st.stm32cube.ide.mcu.externaltools.gnu-tools-for-stm32.9-2020-q2-update.win32_2.0.0.202105311346/tools/bin/../lib/gcc/arm-none-eabi/9.3.1/../../../../arm-none-eabi/lib/thumb/v7-m/nofp\libc_nano.a(lib_a-strcpy.o)
                0x00000000080047d4                strcpy
 .text.__ssputs_r
                0x00000000080047e4       0xb6 c:/st/stm32cubeide_1.4.0/stm32cubeide/plugins/com.st.stm32cube.ide.mcu.externaltools.gnu-tools-for-stm32.9-2020-q2-update.win32_2.0.0.202105311346/tools/bin/../lib/gcc/arm-none-eabi/9.3.1/../../../../arm-none-eabi/lib/thumb/v7-m/nofp\libc_nano.a(lib_a-nano-svfprintf.o)
                0x00000000080047e4                __ssputs_r
 *fill*         0x000000000800489a        0x2 
 .text._svfprintf_r
                0x000000000800489c      0x200 c:/st/stm32cubeide_1.4.0/stm32cubeide/plugins/com.st.stm32cube.ide.mcu.externaltools.gnu-tools-for-stm32.9-2020-q2-update.win32_2.0.0.202105311346/tools/bin/../lib/gcc/arm-none-eabi/9.3.1/../../../../arm-none-eabi/lib/thumb/v7-m/nofp\libc_nano.a(lib_a-nano-svfprintf.o)
                0x000000000800489c                _svfiprintf_r
                0x000000000800489c                _svfprintf_r
 .text._printf_common
                0x0000000008004a9c       0xde c:/st/stm32cubeide_1.4.0/stm32cubeide/plugins/com.st.stm32cube.ide.mcu.externaltools.gnu-tools-for-stm32.9-2020-q2-update.win32_2.0.0.202105311346/tools/bin/../lib/gcc/arm-none-eabi/9.3.1/../../../../arm-none-eabi/lib/thumb/v7-m/nofp\libc_nano.a(lib_a-nano-vfprintf_i.o)
                0x0000000008004a9c                _printf_common
 *fill*         0x0000000008004b7a        0x2 
 .text._printf_i
                0x0000000008004b7c      0x24c c:/st/stm32cubeide_1.4.0/stm32cubeide/plugins/com.st.stm32cube.ide.mcu.externaltools.gnu-tools-for-stm32.9-2020-q2-update.win32_2.0.0.202105311346/tools/bin/../lib/gcc/arm-none-eabi/9.3.1/../../../../arm-none-eabi/lib/thumb/v7-m/nofp\libc_nano.a(lib_a-nano-vfprintf_i.o)
                0x0000000008004b7c                _printf_i
 .text.memchr   0x0000000008004dc8       0x1c c:/st/stm32cubeide_1.4.0/stm32cubeide/plugins/com.st.stm32cube.ide.mcu.externaltools.gnu-tools-for-stm32.9-2020-q2-update.win32_2.0.0.202105311346/tools/bin/../lib/gcc/arm-none-eabi/9.3.1/../../../../arm-none-eabi/lib/thumb/v7-m/nofp\libc_nano.a(lib_a-memchr-stub.o)
                0x0000000008004dc8                memchr
 .text.memcpy   0x0000000008004de4       0x1c c:/st/stm32cubeide_1.4.0/stm32cubeide/plugins/com.st.stm32cube.ide.mcu.externaltools.gnu-tools-for-stm32.9-2020-q2-update.win32_2.0.0.202105311346/tools/bin/../lib/gcc/arm-none-eabi/9.3.1/../../../../arm-none-eabi/lib/thumb/v7-m/nofp\libc_nano.a(lib_a-memcpy-stub.o)
                0x0000000008004de4                memcpy
 .text.memmove  0x0000000008004e00       0x34 c:/st/stm32cubeide_1.4.0/stm32cubeide/plugins/com.st.stm32cube.ide.mcu.externaltools.gnu-tools-for-stm32.9-2020-q2-update.win32_2.0.0.202105311346/tools/bin/../lib/gcc/arm-none-eabi/9.3.1/../../../../arm-none-eabi/lib/thumb/v7-m/nofp\libc_nano.a(lib_a-memmove.o)
                0x0000000008004e00                memmove
 .text._free_r  0x0000000008004e34       0x98 c:/st/stm32cubeide_1.4.0/stm32cubeide/plugins/com.st.stm32cube.ide.mcu.externaltools.gnu-tools-for-stm32.9-2020-q2-update.win32_2.0.0.202105311346/tools/bin/../lib/gcc/arm-none-eabi/9.3.1/../../../../arm-none-eabi/lib/thumb/v7-m/nofp\libc_nano.a(lib_a-nano-freer.o)
                0x0000000008004e34                _free_r
 .text._malloc_r
                0x0000000008004ecc       0xb4 c:/st/stm32cubeide_1.4.0/stm32cubeide/plugins/com.st.stm32cube.ide.mcu.externaltools.gnu-tools-for-stm32.9-2020-q2-update.win32_2.0.0.202105311346/tools/bin/../lib/gcc/arm-none-eabi/9.3.1/../../../../arm-none-eabi/lib/thumb/v7-m/nofp\libc_nano.a(lib_a-nano-mallocr.o)
                0x0000000008004ecc                _malloc_r
 .text._realloc_r
                0x0000000008004f80       0x4c c:/st/stm32cubeide_1.4.0/stm32cubeide/plugins/com.st.stm32cube.ide.mcu.externaltools.gnu-tools-for-stm32.9-2020-q2-update.win32_2.0.0.202105311346/tools/bin/../lib/gcc/arm-none-eabi/9.3.1/../../../../arm-none-eabi/lib/thumb/v7-m/nofp\libc_nano.a(lib_a-nano-reallocr.o)
                0x0000000008004f80                _realloc_r
 .text._sbrk_r  0x0000000008004fcc       0x20 c:/st/stm32cubeide_1.4.0/stm32cubeide/plugins/com.st.stm32cube.ide.mcu.externaltools.gnu-tools-for-stm32.9-2020-q2-update.win32_2.0.0.202105311346/tools/bin/../lib/gcc/arm-none-eabi/9.3.1/../../../../arm-none-eabi/lib/thumb/v7-m/nofp\libc_nano.a(lib_a-sbrkr.o)
                0x0000000008004fcc                _sbrk_r
 .text.__malloc_lock
                0x0000000008004fec        0xc c:/st/stm32cubeide_1.4.0/stm32cubeide/plugins/com.st.stm32cube.ide.mcu.externaltools.gnu-tools-for-stm32.9-2020-q2-update.win32_2.0.0.202105311346/tools/bin/../lib/gcc/arm-none-eabi/9.3.1/../../../../arm-none-eabi/lib/thumb/v7-m/nofp\libc_nano.a(lib_a-mlock.o)
                0x0000000008004fec                __malloc_lock
 .text.__malloc_unlock
                0x0000000008004ff8        0xc c:/st/stm32cubeide_1.4.0/stm32cubeide/plugins/com.st.stm32cube.ide.mcu.externaltools.gnu-tools-for-stm32.9-2020-q2-update.win32_2.0.0.202105311346/tools/bin/../lib/gcc/arm-none-eabi/9.3.1/../../../../arm-none-eabi/lib/thumb/v7-m/nofp\libc_nano.a(lib_a-mlock.o)
                0x0000000008004ff8                __malloc_unlock
 .text._malloc_usable_size_r
                0x0000000008005004       0x10 c:/st/stm32cubeide_1.4.0/stm32cubeide/plugins/com.st.stm32cube.ide.mcu.externaltools.gnu-tools-for-stm32.9-2020-q2-update.win32_2.0.0.202105311346/tools/bin/../lib/gcc/arm-none-eabi/9.3.1/../../../../arm-none-eabi/lib/thumb/v7-m/nofp\libc_nano.a(lib_a-nano-msizer.o)
                0x0000000008005004                _malloc_usable_size_r
 .text.__retarget_lock_acquire_recursive
                0x0000000008005014        0x2 c:/st/stm32cubeide_1.4.0/stm32cubeide/plugins/com.st.stm32cube.ide.mcu.externaltools.gnu-tools-for-stm32.9-2020-q2-update.win32_2.0.0.202105311346/tools/bin/../lib/gcc/arm-none-eabi/9.3.1/../../../../arm-none-eabi/lib/thumb/v7-m/nofp\libc_nano.a(lib_a-lock.o)
                0x0000000008005014                __retarget_lock_acquire_recursive
 .text.__retarget_lock_release_recursive
                0x0000000008005016        0x2 c:/st/stm32cubeide_1.4.0/stm32cubeide/plugins/com.st.stm32cube.ide.mcu.externaltools.gnu-tools-for-stm32.9-2020-q2-update.win32_2.0.0.202105311346/tools/bin/../lib/gcc/arm-none-eabi/9.3.1/../../../../arm-none-eabi/lib/thumb/v7-m/nofp\libc_nano.a(lib_a-lock.o)
                0x0000000008005016                __retarget_lock_release_recursive
 .text.log      0x0000000008005018       0x74 c:/st/stm32cubeide_1.4.0/stm32cubeide/plugins/com.st.stm32cube.ide.mcu.externaltools.gnu-tools-for-stm32.9-2020-q2-update.win32_2.0.0.202105311346/tools/bin/../lib/gcc/arm-none-eabi/9.3.1/../../../../arm-none-eabi/lib/thumb/v7-m/nofp\libm.a(lib_a-w_log.o)
                0x0000000008005018                log
 *fill*         0x000000000800508c        0x4 
 .text.__ieee754_log
                0x0000000008005090      0x364 c:/st/stm32cubeide_1.4.0/stm32cubeide/plugins/com.st.stm32cube.ide.mcu.externaltools.gnu-tools-for-stm32.9-2020-q2-update.win32_2.0.0.202105311346/tools/bin/../lib/gcc/arm-none-eabi/9.3.1/../../../../arm-none-eabi/lib/thumb/v7-m/nofp\libm.a(lib_a-e_log.o)
                0x0000000008005090                __ieee754_log
 .text.nan      0x00000000080053f4        0xc c:/st/stm32cubeide_1.4.0/stm32cubeide/plugins/com.st.stm32cube.ide.mcu.externaltools.gnu-tools-for-stm32.9-2020-q2-update.win32_2.0.0.202105311346/tools/bin/../lib/gcc/arm-none-eabi/9.3.1/../../../../arm-none-eabi/lib/thumb/v7-m/nofp\libm.a(lib_a-s_nan.o)
                0x00000000080053f4                nan
 *(.glue_7)
 .glue_7        0x0000000008005400        0x0 linker stubs
 *(.glue_7t)
 .glue_7t       0x0000000008005400        0x0 linker stubs
 *(.eh_frame)
 .eh_frame      0x0000000008005400        0x0 c:/st/stm32cubeide_1.4.0/stm32cubeide/plugins/com.st.stm32cube.ide.mcu.externaltools.gnu-tools-for-stm32.9-2020-q2-update.win32_2.0.0.202105311346/tools/bin/../lib/gcc/arm-none-eabi/9.3.1/thumb/v7-m/nofp/crtbegin.o
 *(.init)
 .init          0x0000000008005400        0x4 c:/st/stm32cubeide_1.4.0/stm32cubeide/plugins/com.st.stm32cube.ide.mcu.externaltools.gnu-tools-for-stm32.9-2020-q2-update.win32_2.0.0.202105311346/tools/bin/../lib/gcc/arm-none-eabi/9.3.1/thumb/v7-m/nofp/crti.o
                0x0000000008005400                _init
 .init          0x0000000008005404        0x8 c:/st/stm32cubeide_1.4.0/stm32cubeide/plugins/com.st.stm32cube.ide.mcu.externaltools.gnu-tools-for-stm32.9-2020-q2-update.win32_2.0.0.202105311346/tools/bin/../lib/gcc/arm-none-eabi/9.3.1/thumb/v7-m/nofp/crtn.o
 *(.fini)
 .fini          0x000000000800540c        0x4 c:/st/stm32cubeide_1.4.0/stm32cubeide/plugins/com.st.stm32cube.ide.mcu.externaltools.gnu-tools-for-stm32.9-2020-q2-update.win32_2.0.0.202105311346/tools/bin/../lib/gcc/arm-none-eabi/9.3.1/thumb/v7-m/nofp/crti.o
                0x000000000800540c                _fini
 .fini          0x0000000008005410        0x8 c:/st/stm32cubeide_1.4.0/stm32cubeide/plugins/com.st.stm32cube.ide.mcu.externaltools.gnu-tools-for-stm32.9-2020-q2-update.win32_2.0.0.202105311346/tools/bin/../lib/gcc/arm-none-eabi/9.3.1/thumb/v7-m/nofp/crtn.o
                0x0000000008005418                . = ALIGN (0x4)
                0x0000000008005418                _etext = .

.vfp11_veneer   0x0000000008005418        0x0
 .vfp11_veneer  0x0000000008005418        0x0 linker stubs

.v4_bx          0x0000000008005418        0x0
 .v4_bx         0x0000000008005418        0x0 linker stubs

.iplt           0x0000000008005418        0x0
 .iplt          0x0000000008005418        0x0 c:/st/stm32cubeide_1.4.0/stm32cubeide/plugins/com.st.stm32cube.ide.mcu.externaltools.gnu-tools-for-stm32.9-2020-q2-update.win32_2.0.0.202105311346/tools/bin/../lib/gcc/arm-none-eabi/9.3.1/thumb/v7-m/nofp/crtbegin.o

.rodata         0x0000000008005418       0x68
                0x0000000008005418                . = ALIGN (0x4)
 *(.rodata)
 *(.rodata*)
 .rodata.HAL_RCC_GetSysClockFreq.str1.1
                0x0000000008005418       0x11 ./Drivers/STM32F1xx_HAL_Driver/Src/stm32f1xx_hal_rcc.o
 .rodata.HAL_RCCEx_GetPeriphCLKFreq.str1.1
                0x0000000008005429       0x11 ./Drivers/STM32F1xx_HAL_Driver/Src/stm32f1xx_hal_rcc_ex.o
 .rodata.CanMsgManager.str1.1
                0x0000000008005429        0x7 ./Src/canmsg.o
 .rodata.CSWTCH.1
                0x0000000008005430        0x4 ./Src/oldflash2hal.o
 .rodata.AHBPrescTable
                0x0000000008005434       0x10 ./Src/system_stm32f1xx.o
                0x0000000008005434                AHBPrescTable
 .rodata.APBPrescTable
                0x0000000008005444        0x8 ./Src/system_stm32f1xx.o
                0x0000000008005444                APBPrescTable
 .rodata._svfprintf_r.str1.1
                0x000000000800544c       0x11 c:/st/stm32cubeide_1.4.0/stm32cubeide/plugins/com.st.stm32cube.ide.mcu.externaltools.gnu-tools-for-stm32.9-2020-q2-update.win32_2.0.0.202105311346/tools/bin/../lib/gcc/arm-none-eabi/9.3.1/../../../../arm-none-eabi/lib/thumb/v7-m/nofp\libc_nano.a(lib_a-nano-svfprintf.o)
 .rodata._printf_i.str1.1
                0x000000000800545d       0x22 c:/st/stm32cubeide_1.4.0/stm32cubeide/plugins/com.st.stm32cube.ide.mcu.externaltools.gnu-tools-for-stm32.9-2020-q2-update.win32_2.0.0.202105311346/tools/bin/../lib/gcc/arm-none-eabi/9.3.1/../../../../arm-none-eabi/lib/thumb/v7-m/nofp\libc_nano.a(lib_a-nano-vfprintf_i.o)
 .rodata.log.str1.1
                0x000000000800547f       0x22 c:/st/stm32cubeide_1.4.0/stm32cubeide/plugins/com.st.stm32cube.ide.mcu.externaltools.gnu-tools-for-stm32.9-2020-q2-update.win32_2.0.0.202105311346/tools/bin/../lib/gcc/arm-none-eabi/9.3.1/../../../../arm-none-eabi/lib/thumb/v7-m/nofp\libm.a(lib_a-w_log.o)
                                          0x1 (size before relaxing)
                0x00000000080054a4                . = ALIGN (0x4)
 *fill*         0x000000000800547f        0x1 

.rel.dyn        0x0000000008005480        0x0
 .rel.iplt      0x0000000008005480        0x0 c:/st/stm32cubeide_1.4.0/stm32cubeide/plugins/com.st.stm32cube.ide.mcu.externaltools.gnu-tools-for-stm32.9-2020-q2-update.win32_2.0.0.202105311346/tools/bin/../lib/gcc/arm-none-eabi/9.3.1/thumb/v7-m/nofp/crtbegin.o

.ARM.extab      0x0000000008005480        0x0
                0x0000000008005480                . = ALIGN (0x4)
 *(.ARM.extab* .gnu.linkonce.armextab.*)
                0x0000000008005480                . = ALIGN (0x4)

.ARM            0x0000000008005480        0x0
                0x0000000008005480                . = ALIGN (0x4)
                0x0000000008005480                __exidx_start = .
 *(.ARM.exidx*)
                0x0000000008005480                __exidx_end = .
                0x0000000008005480                . = ALIGN (0x4)

.preinit_array  0x0000000008005480        0x0
                0x0000000008005480                . = ALIGN (0x4)
                0x0000000008005480                PROVIDE (__preinit_array_start = .)
 *(.preinit_array*)
                0x0000000008005480                PROVIDE (__preinit_array_end = .)
                0x0000000008005480                . = ALIGN (0x4)

.init_array     0x0000000008005480        0x4
                0x0000000008005480                . = ALIGN (0x4)
                0x0000000008005480                PROVIDE (__init_array_start = .)
 *(SORT_BY_NAME(.init_array.*))
 *(.init_array*)
 .init_array    0x0000000008005480        0x4 c:/st/stm32cubeide_1.4.0/stm32cubeide/plugins/com.st.stm32cube.ide.mcu.externaltools.gnu-tools-for-stm32.9-2020-q2-update.win32_2.0.0.202105311346/tools/bin/../lib/gcc/arm-none-eabi/9.3.1/thumb/v7-m/nofp/crtbegin.o
                0x0000000008005484                PROVIDE (__init_array_end = .)
                0x0000000008005484                . = ALIGN (0x4)

.fini_array     0x0000000008005484        0x4
                0x0000000008005484                . = ALIGN (0x4)
                [!provide]                        PROVIDE (__fini_array_start = .)
 *(SORT_BY_NAME(.fini_array.*))
 *(.fini_array*)
 .fini_array    0x0000000008005484        0x4 c:/st/stm32cubeide_1.4.0/stm32cubeide/plugins/com.st.stm32cube.ide.mcu.externaltools.gnu-tools-for-stm32.9-2020-q2-update.win32_2.0.0.202105311346/tools/bin/../lib/gcc/arm-none-eabi/9.3.1/thumb/v7-m/nofp/crtbegin.o
                [!provide]                        PROVIDE (__fini_array_end = .)
                0x0000000008005488                . = ALIGN (0x4)
                0x0000000008005488                _sidata = LOADADDR (.data)

.data           0x0000000020000000       0x74 load address 0x0000000008005488
                0x0000000020000000                . = ALIGN (0x4)
                0x0000000020000000                _sdata = .
 *(.data)
 *(.data*)
 .data.uwTickFreq
                0x0000000020000000        0x1 ./Drivers/STM32F1xx_HAL_Driver/Src/stm32f1xx_hal.o
                0x0000000020000000                uwTickFreq
 *fill*         0x0000000020000001        0x3 
 .data.uwTickPrio
                0x0000000020000004        0x4 ./Drivers/STM32F1xx_HAL_Driver/Src/stm32f1xx_hal.o
                0x0000000020000004                uwTickPrio
 .data.SystemCoreClock
                0x0000000020000008        0x4 ./Src/system_stm32f1xx.o
                0x0000000020000008                SystemCoreClock
 .data._impure_ptr
                0x000000002000000c        0x4 c:/st/stm32cubeide_1.4.0/stm32cubeide/plugins/com.st.stm32cube.ide.mcu.externaltools.gnu-tools-for-stm32.9-2020-q2-update.win32_2.0.0.202105311346/tools/bin/../lib/gcc/arm-none-eabi/9.3.1/../../../../arm-none-eabi/lib/thumb/v7-m/nofp\libc_nano.a(lib_a-impure.o)
                0x000000002000000c                _impure_ptr
 .data.impure_data
                0x0000000020000010       0x60 c:/st/stm32cubeide_1.4.0/stm32cubeide/plugins/com.st.stm32cube.ide.mcu.externaltools.gnu-tools-for-stm32.9-2020-q2-update.win32_2.0.0.202105311346/tools/bin/../lib/gcc/arm-none-eabi/9.3.1/../../../../arm-none-eabi/lib/thumb/v7-m/nofp\libc_nano.a(lib_a-impure.o)
 .data.__fdlib_version
                0x0000000020000070        0x1 c:/st/stm32cubeide_1.4.0/stm32cubeide/plugins/com.st.stm32cube.ide.mcu.externaltools.gnu-tools-for-stm32.9-2020-q2-update.win32_2.0.0.202105311346/tools/bin/../lib/gcc/arm-none-eabi/9.3.1/../../../../arm-none-eabi/lib/thumb/v7-m/nofp\libm.a(lib_a-s_lib_ver.o)
                0x0000000020000070                __fdlib_version
 *(.RamFunc)
 *(.RamFunc*)
                0x0000000020000074                . = ALIGN (0x4)
 *fill*         0x0000000020000071        0x3 
                0x0000000020000074                _edata = .

.igot.plt       0x0000000020000074        0x0 load address 0x00000000080054fc
 .igot.plt      0x0000000020000074        0x0 c:/st/stm32cubeide_1.4.0/stm32cubeide/plugins/com.st.stm32cube.ide.mcu.externaltools.gnu-tools-for-stm32.9-2020-q2-update.win32_2.0.0.202105311346/tools/bin/../lib/gcc/arm-none-eabi/9.3.1/thumb/v7-m/nofp/crtbegin.o
                0x0000000020000074                . = ALIGN (0x4)

.bss            0x0000000020000078      0xacc load address 0x00000000080054fc
                0x0000000020000078                _sbss = .
                0x0000000020000078                __bss_start__ = _sbss
 *(.bss)
 .bss           0x0000000020000078       0x1c c:/st/stm32cubeide_1.4.0/stm32cubeide/plugins/com.st.stm32cube.ide.mcu.externaltools.gnu-tools-for-stm32.9-2020-q2-update.win32_2.0.0.202105311346/tools/bin/../lib/gcc/arm-none-eabi/9.3.1/thumb/v7-m/nofp/crtbegin.o
 *(.bss*)
 .bss.adc1_complete
                0x0000000020000094        0x1 ./Src/analog.o
 *fill*         0x0000000020000095        0x1 
 .bss.adc1_samples
                0x0000000020000096       0x7a ./Src/analog.o
 .bss.adc_error
                0x0000000020000110        0x4 ./Src/analog.o
 .bss.adc_start_acq
                0x0000000020000114        0x1 ./Src/analog.o
 *fill*         0x0000000020000115        0x3 
 .bss.can_dev   0x0000000020000118      0x324 ./Src/canmsg.o
 .bss.old_tx_error.7459
                0x000000002000043c        0x4 ./Src/canmsg.o
 .bss.re_send.7442
                0x0000000020000440        0x2 ./Src/canmsg.o
 .bss.rtr_resp.7412
                0x0000000020000442        0x1 ./Src/canmsg.o
 .bss.save_speed.7406
                0x0000000020000443        0x1 ./Src/canmsg.o
 .bss.tick_cnt_mon_info.7435
                0x0000000020000444        0x2 ./Src/canmsg.o
 .bss.to_cnt.7351
                0x0000000020000446        0x1 ./Src/canmsg.o
 *fill*         0x0000000020000447        0x1 
 .bss.DataVar   0x0000000020000448        0x2 ./Src/eeprom.o
                0x0000000020000448                DataVar
 *fill*         0x000000002000044a        0x2 
 .bss.led_period.7310
                0x000000002000044c        0x4 ./Src/machine.o
 .bss.tick_10ms_cnt
                0x0000000020000450        0x1 ./Src/stm32f1xx_it.o
 *fill*         0x0000000020000451        0x3 
 .bss.__sbrk_heap_end
                0x0000000020000454        0x4 ./Src/sysmem.o
 .bss.__malloc_free_list
                0x0000000020000458        0x4 c:/st/stm32cubeide_1.4.0/stm32cubeide/plugins/com.st.stm32cube.ide.mcu.externaltools.gnu-tools-for-stm32.9-2020-q2-update.win32_2.0.0.202105311346/tools/bin/../lib/gcc/arm-none-eabi/9.3.1/../../../../arm-none-eabi/lib/thumb/v7-m/nofp\libc_nano.a(lib_a-nano-mallocr.o)
                0x0000000020000458                __malloc_free_list
 .bss.__malloc_sbrk_start
                0x000000002000045c        0x4 c:/st/stm32cubeide_1.4.0/stm32cubeide/plugins/com.st.stm32cube.ide.mcu.externaltools.gnu-tools-for-stm32.9-2020-q2-update.win32_2.0.0.202105311346/tools/bin/../lib/gcc/arm-none-eabi/9.3.1/../../../../arm-none-eabi/lib/thumb/v7-m/nofp\libc_nano.a(lib_a-nano-mallocr.o)
                0x000000002000045c                __malloc_sbrk_start
 *(COMMON)
 COMMON         0x0000000020000460        0x4 ./Drivers/STM32F1xx_HAL_Driver/Src/stm32f1xx_hal.o
                0x0000000020000460                uwTick
 *fill*         0x0000000020000464        0x4 
 COMMON         0x0000000020000468       0x20 ./Drivers/STM32F1xx_HAL_Driver/Src/stm32f1xx_hal_flash.o
                0x0000000020000468                pFlash
 COMMON         0x0000000020000488      0x5c8 ./Src/machine.o
                0x0000000020000488                VirtAddVarTab
 COMMON         0x0000000020000a50       0xe0 ./Src/main.o
                0x0000000020000a50                huart3
                0x0000000020000a94                hcan
                0x0000000020000abc                hadc1
                0x0000000020000aec                hdma_adc1
 COMMON         0x0000000020000b30        0x2 ./Src/stm32f1xx_it.o
                0x0000000020000b30                can_tick_1ms
                0x0000000020000b31                tick_10ms
 *fill*         0x0000000020000b32        0x2 
 COMMON         0x0000000020000b34        0x4 c:/st/stm32cubeide_1.4.0/stm32cubeide/plugins/com.st.stm32cube.ide.mcu.externaltools.gnu-tools-for-stm32.9-2020-q2-update.win32_2.0.0.202105311346/tools/bin/../lib/gcc/arm-none-eabi/9.3.1/../../../../arm-none-eabi/lib/thumb/v7-m/nofp\libc_nano.a(lib_a-reent.o)
                0x0000000020000b34                errno
 COMMON         0x0000000020000b38        0x9 c:/st/stm32cubeide_1.4.0/stm32cubeide/plugins/com.st.stm32cube.ide.mcu.externaltools.gnu-tools-for-stm32.9-2020-q2-update.win32_2.0.0.202105311346/tools/bin/../lib/gcc/arm-none-eabi/9.3.1/../../../../arm-none-eabi/lib/thumb/v7-m/nofp\libc_nano.a(lib_a-lock.o)
                0x0000000020000b38                __lock___atexit_recursive_mutex
                0x0000000020000b39                __lock___arc4random_mutex
                0x0000000020000b3a                __lock___env_recursive_mutex
                0x0000000020000b3b                __lock___sinit_recursive_mutex
                0x0000000020000b3c                __lock___malloc_recursive_mutex
                0x0000000020000b3d                __lock___at_quick_exit_mutex
                0x0000000020000b3e                __lock___dd_hash_mutex
                0x0000000020000b3f                __lock___tz_mutex
                0x0000000020000b40                __lock___sfp_recursive_mutex
                0x0000000020000b44                . = ALIGN (0x4)
 *fill*         0x0000000020000b41        0x3 
                0x0000000020000b44                _ebss = .
                0x0000000020000b44                __bss_end__ = _ebss

._user_heap_stack
                0x0000000020000b44     0x6004 load address 0x00000000080054fc
                0x0000000020000b48                . = ALIGN (0x8)
 *fill*         0x0000000020000b44        0x4 
                [!provide]                        PROVIDE (end = .)
                0x0000000020000b48                PROVIDE (_end = .)
                0x0000000020002b48                . = (. + _Min_Heap_Size)
 *fill*         0x0000000020000b48     0x2000 
                0x0000000020006b48                . = (. + _Min_Stack_Size)
 *fill*         0x0000000020002b48     0x4000 
                0x0000000020006b48                . = ALIGN (0x8)

/DISCARD/
 libc.a(*)
 libm.a(*)
 libgcc.a(*)

.ARM.attributes
                0x0000000000000000       0x29
 *(.ARM.attributes)
 .ARM.attributes
                0x0000000000000000       0x1d c:/st/stm32cubeide_1.4.0/stm32cubeide/plugins/com.st.stm32cube.ide.mcu.externaltools.gnu-tools-for-stm32.9-2020-q2-update.win32_2.0.0.202105311346/tools/bin/../lib/gcc/arm-none-eabi/9.3.1/thumb/v7-m/nofp/crti.o
 .ARM.attributes
                0x000000000000001d       0x2d c:/st/stm32cubeide_1.4.0/stm32cubeide/plugins/com.st.stm32cube.ide.mcu.externaltools.gnu-tools-for-stm32.9-2020-q2-update.win32_2.0.0.202105311346/tools/bin/../lib/gcc/arm-none-eabi/9.3.1/thumb/v7-m/nofp/crtbegin.o
 .ARM.attributes
                0x000000000000004a       0x2d ./Drivers/STM32F1xx_HAL_Driver/Src/stm32f1xx_hal.o
 .ARM.attributes
                0x0000000000000077       0x2d ./Drivers/STM32F1xx_HAL_Driver/Src/stm32f1xx_hal_adc.o
 .ARM.attributes
                0x00000000000000a4       0x2d ./Drivers/STM32F1xx_HAL_Driver/Src/stm32f1xx_hal_adc_ex.o
 .ARM.attributes
                0x00000000000000d1       0x2d ./Drivers/STM32F1xx_HAL_Driver/Src/stm32f1xx_hal_can.o
 .ARM.attributes
                0x00000000000000fe       0x2d ./Drivers/STM32F1xx_HAL_Driver/Src/stm32f1xx_hal_cortex.o
 .ARM.attributes
                0x000000000000012b       0x2d ./Drivers/STM32F1xx_HAL_Driver/Src/stm32f1xx_hal_dma.o
 .ARM.attributes
                0x0000000000000158       0x2d ./Drivers/STM32F1xx_HAL_Driver/Src/stm32f1xx_hal_flash.o
 .ARM.attributes
                0x0000000000000185       0x2d ./Drivers/STM32F1xx_HAL_Driver/Src/stm32f1xx_hal_flash_ex.o
 .ARM.attributes
                0x00000000000001b2       0x2d ./Drivers/STM32F1xx_HAL_Driver/Src/stm32f1xx_hal_gpio.o
 .ARM.attributes
                0x00000000000001df       0x2d ./Drivers/STM32F1xx_HAL_Driver/Src/stm32f1xx_hal_rcc.o
 .ARM.attributes
                0x000000000000020c       0x2d ./Drivers/STM32F1xx_HAL_Driver/Src/stm32f1xx_hal_rcc_ex.o
 .ARM.attributes
                0x0000000000000239       0x2d ./Drivers/STM32F1xx_HAL_Driver/Src/stm32f1xx_hal_uart.o
 .ARM.attributes
                0x0000000000000266       0x2d ./Src/analog.o
 .ARM.attributes
                0x0000000000000293       0x2d ./Src/canmsg.o
 .ARM.attributes
                0x00000000000002c0       0x2d ./Src/eeprom.o
 .ARM.attributes
                0x00000000000002ed       0x2d ./Src/machine.o
 .ARM.attributes
                0x000000000000031a       0x2d ./Src/main.o
 .ARM.attributes
                0x0000000000000347       0x2d ./Src/oldflash2hal.o
 .ARM.attributes
                0x0000000000000374       0x2d ./Src/stm32f1xx_hal_msp.o
 .ARM.attributes
                0x00000000000003a1       0x2d ./Src/stm32f1xx_it.o
 .ARM.attributes
                0x00000000000003ce       0x2d ./Src/sysmem.o
 .ARM.attributes
                0x00000000000003fb       0x2d ./Src/system_stm32f1xx.o
 .ARM.attributes
                0x0000000000000428       0x21 ./Startup/startup_stm32f103retx.o
 .ARM.attributes
                0x0000000000000449       0x2d c:/st/stm32cubeide_1.4.0/stm32cubeide/plugins/com.st.stm32cube.ide.mcu.externaltools.gnu-tools-for-stm32.9-2020-q2-update.win32_2.0.0.202105311346/tools/bin/../lib/gcc/arm-none-eabi/9.3.1/../../../../arm-none-eabi/lib/thumb/v7-m/nofp\libc_nano.a(lib_a-errno.o)
 .ARM.attributes
                0x0000000000000476       0x2d c:/st/stm32cubeide_1.4.0/stm32cubeide/plugins/com.st.stm32cube.ide.mcu.externaltools.gnu-tools-for-stm32.9-2020-q2-update.win32_2.0.0.202105311346/tools/bin/../lib/gcc/arm-none-eabi/9.3.1/../../../../arm-none-eabi/lib/thumb/v7-m/nofp\libc_nano.a(lib_a-impure.o)
 .ARM.attributes
                0x00000000000004a3       0x2d c:/st/stm32cubeide_1.4.0/stm32cubeide/plugins/com.st.stm32cube.ide.mcu.externaltools.gnu-tools-for-stm32.9-2020-q2-update.win32_2.0.0.202105311346/tools/bin/../lib/gcc/arm-none-eabi/9.3.1/../../../../arm-none-eabi/lib/thumb/v7-m/nofp\libc_nano.a(lib_a-init.o)
 .ARM.attributes
                0x00000000000004d0       0x2d c:/st/stm32cubeide_1.4.0/stm32cubeide/plugins/com.st.stm32cube.ide.mcu.externaltools.gnu-tools-for-stm32.9-2020-q2-update.win32_2.0.0.202105311346/tools/bin/../lib/gcc/arm-none-eabi/9.3.1/../../../../arm-none-eabi/lib/thumb/v7-m/nofp\libc_nano.a(lib_a-memset.o)
 .ARM.attributes
                0x00000000000004fd       0x2d c:/st/stm32cubeide_1.4.0/stm32cubeide/plugins/com.st.stm32cube.ide.mcu.externaltools.gnu-tools-for-stm32.9-2020-q2-update.win32_2.0.0.202105311346/tools/bin/../lib/gcc/arm-none-eabi/9.3.1/../../../../arm-none-eabi/lib/thumb/v7-m/nofp\libc_nano.a(lib_a-sprintf.o)
 .ARM.attributes
                0x000000000000052a       0x2d c:/st/stm32cubeide_1.4.0/stm32cubeide/plugins/com.st.stm32cube.ide.mcu.externaltools.gnu-tools-for-stm32.9-2020-q2-update.win32_2.0.0.202105311346/tools/bin/../lib/gcc/arm-none-eabi/9.3.1/../../../../arm-none-eabi/lib/thumb/v7-m/nofp\libc_nano.a(lib_a-strcpy.o)
 .ARM.attributes
                0x0000000000000557       0x2d c:/st/stm32cubeide_1.4.0/stm32cubeide/plugins/com.st.stm32cube.ide.mcu.externaltools.gnu-tools-for-stm32.9-2020-q2-update.win32_2.0.0.202105311346/tools/bin/../lib/gcc/arm-none-eabi/9.3.1/../../../../arm-none-eabi/lib/thumb/v7-m/nofp\libc_nano.a(lib_a-nano-svfprintf.o)
 .ARM.attributes
                0x0000000000000584       0x2d c:/st/stm32cubeide_1.4.0/stm32cubeide/plugins/com.st.stm32cube.ide.mcu.externaltools.gnu-tools-for-stm32.9-2020-q2-update.win32_2.0.0.202105311346/tools/bin/../lib/gcc/arm-none-eabi/9.3.1/../../../../arm-none-eabi/lib/thumb/v7-m/nofp\libc_nano.a(lib_a-nano-vfprintf_i.o)
 .ARM.attributes
                0x00000000000005b1       0x2d c:/st/stm32cubeide_1.4.0/stm32cubeide/plugins/com.st.stm32cube.ide.mcu.externaltools.gnu-tools-for-stm32.9-2020-q2-update.win32_2.0.0.202105311346/tools/bin/../lib/gcc/arm-none-eabi/9.3.1/../../../../arm-none-eabi/lib/thumb/v7-m/nofp\libc_nano.a(lib_a-memchr-stub.o)
 .ARM.attributes
                0x00000000000005de       0x2d c:/st/stm32cubeide_1.4.0/stm32cubeide/plugins/com.st.stm32cube.ide.mcu.externaltools.gnu-tools-for-stm32.9-2020-q2-update.win32_2.0.0.202105311346/tools/bin/../lib/gcc/arm-none-eabi/9.3.1/../../../../arm-none-eabi/lib/thumb/v7-m/nofp\libc_nano.a(lib_a-memcpy-stub.o)
 .ARM.attributes
                0x000000000000060b       0x2d c:/st/stm32cubeide_1.4.0/stm32cubeide/plugins/com.st.stm32cube.ide.mcu.externaltools.gnu-tools-for-stm32.9-2020-q2-update.win32_2.0.0.202105311346/tools/bin/../lib/gcc/arm-none-eabi/9.3.1/../../../../arm-none-eabi/lib/thumb/v7-m/nofp\libc_nano.a(lib_a-memmove.o)
 .ARM.attributes
                0x0000000000000638       0x2d c:/st/stm32cubeide_1.4.0/stm32cubeide/plugins/com.st.stm32cube.ide.mcu.externaltools.gnu-tools-for-stm32.9-2020-q2-update.win32_2.0.0.202105311346/tools/bin/../lib/gcc/arm-none-eabi/9.3.1/../../../../arm-none-eabi/lib/thumb/v7-m/nofp\libc_nano.a(lib_a-nano-freer.o)
 .ARM.attributes
                0x0000000000000665       0x2d c:/st/stm32cubeide_1.4.0/stm32cubeide/plugins/com.st.stm32cube.ide.mcu.externaltools.gnu-tools-for-stm32.9-2020-q2-update.win32_2.0.0.202105311346/tools/bin/../lib/gcc/arm-none-eabi/9.3.1/../../../../arm-none-eabi/lib/thumb/v7-m/nofp\libc_nano.a(lib_a-nano-mallocr.o)
 .ARM.attributes
                0x0000000000000692       0x2d c:/st/stm32cubeide_1.4.0/stm32cubeide/plugins/com.st.stm32cube.ide.mcu.externaltools.gnu-tools-for-stm32.9-2020-q2-update.win32_2.0.0.202105311346/tools/bin/../lib/gcc/arm-none-eabi/9.3.1/../../../../arm-none-eabi/lib/thumb/v7-m/nofp\libc_nano.a(lib_a-nano-reallocr.o)
 .ARM.attributes
                0x00000000000006bf       0x2d c:/st/stm32cubeide_1.4.0/stm32cubeide/plugins/com.st.stm32cube.ide.mcu.externaltools.gnu-tools-for-stm32.9-2020-q2-update.win32_2.0.0.202105311346/tools/bin/../lib/gcc/arm-none-eabi/9.3.1/../../../../arm-none-eabi/lib/thumb/v7-m/nofp\libc_nano.a(lib_a-sbrkr.o)
 .ARM.attributes
                0x00000000000006ec       0x2d c:/st/stm32cubeide_1.4.0/stm32cubeide/plugins/com.st.stm32cube.ide.mcu.externaltools.gnu-tools-for-stm32.9-2020-q2-update.win32_2.0.0.202105311346/tools/bin/../lib/gcc/arm-none-eabi/9.3.1/../../../../arm-none-eabi/lib/thumb/v7-m/nofp\libc_nano.a(lib_a-mlock.o)
 .ARM.attributes
                0x0000000000000719       0x2d c:/st/stm32cubeide_1.4.0/stm32cubeide/plugins/com.st.stm32cube.ide.mcu.externaltools.gnu-tools-for-stm32.9-2020-q2-update.win32_2.0.0.202105311346/tools/bin/../lib/gcc/arm-none-eabi/9.3.1/../../../../arm-none-eabi/lib/thumb/v7-m/nofp\libc_nano.a(lib_a-nano-msizer.o)
 .ARM.attributes
                0x0000000000000746       0x2d c:/st/stm32cubeide_1.4.0/stm32cubeide/plugins/com.st.stm32cube.ide.mcu.externaltools.gnu-tools-for-stm32.9-2020-q2-update.win32_2.0.0.202105311346/tools/bin/../lib/gcc/arm-none-eabi/9.3.1/../../../../arm-none-eabi/lib/thumb/v7-m/nofp\libc_nano.a(lib_a-reent.o)
 .ARM.attributes
                0x0000000000000773       0x2d c:/st/stm32cubeide_1.4.0/stm32cubeide/plugins/com.st.stm32cube.ide.mcu.externaltools.gnu-tools-for-stm32.9-2020-q2-update.win32_2.0.0.202105311346/tools/bin/../lib/gcc/arm-none-eabi/9.3.1/../../../../arm-none-eabi/lib/thumb/v7-m/nofp\libc_nano.a(lib_a-lock.o)
 .ARM.attributes
                0x00000000000007a0       0x2d c:/st/stm32cubeide_1.4.0/stm32cubeide/plugins/com.st.stm32cube.ide.mcu.externaltools.gnu-tools-for-stm32.9-2020-q2-update.win32_2.0.0.202105311346/tools/bin/../lib/gcc/arm-none-eabi/9.3.1/../../../../arm-none-eabi/lib/thumb/v7-m/nofp\libm.a(lib_a-w_log.o)
 .ARM.attributes
                0x00000000000007cd       0x2d c:/st/stm32cubeide_1.4.0/stm32cubeide/plugins/com.st.stm32cube.ide.mcu.externaltools.gnu-tools-for-stm32.9-2020-q2-update.win32_2.0.0.202105311346/tools/bin/../lib/gcc/arm-none-eabi/9.3.1/../../../../arm-none-eabi/lib/thumb/v7-m/nofp\libm.a(lib_a-e_log.o)
 .ARM.attributes
                0x00000000000007fa       0x2d c:/st/stm32cubeide_1.4.0/stm32cubeide/plugins/com.st.stm32cube.ide.mcu.externaltools.gnu-tools-for-stm32.9-2020-q2-update.win32_2.0.0.202105311346/tools/bin/../lib/gcc/arm-none-eabi/9.3.1/../../../../arm-none-eabi/lib/thumb/v7-m/nofp\libm.a(lib_a-s_lib_ver.o)
 .ARM.attributes
                0x0000000000000827       0x2d c:/st/stm32cubeide_1.4.0/stm32cubeide/plugins/com.st.stm32cube.ide.mcu.externaltools.gnu-tools-for-stm32.9-2020-q2-update.win32_2.0.0.202105311346/tools/bin/../lib/gcc/arm-none-eabi/9.3.1/../../../../arm-none-eabi/lib/thumb/v7-m/nofp\libm.a(lib_a-s_nan.o)
 .ARM.attributes
                0x0000000000000854       0x1d c:/st/stm32cubeide_1.4.0/stm32cubeide/plugins/com.st.stm32cube.ide.mcu.externaltools.gnu-tools-for-stm32.9-2020-q2-update.win32_2.0.0.202105311346/tools/bin/../lib/gcc/arm-none-eabi/9.3.1/thumb/v7-m/nofp\libgcc.a(_arm_addsubdf3.o)
 .ARM.attributes
                0x0000000000000871       0x1d c:/st/stm32cubeide_1.4.0/stm32cubeide/plugins/com.st.stm32cube.ide.mcu.externaltools.gnu-tools-for-stm32.9-2020-q2-update.win32_2.0.0.202105311346/tools/bin/../lib/gcc/arm-none-eabi/9.3.1/thumb/v7-m/nofp\libgcc.a(_arm_muldivdf3.o)
 .ARM.attributes
                0x000000000000088e       0x1d c:/st/stm32cubeide_1.4.0/stm32cubeide/plugins/com.st.stm32cube.ide.mcu.externaltools.gnu-tools-for-stm32.9-2020-q2-update.win32_2.0.0.202105311346/tools/bin/../lib/gcc/arm-none-eabi/9.3.1/thumb/v7-m/nofp\libgcc.a(_arm_cmpdf2.o)
 .ARM.attributes
                0x00000000000008ab       0x1d c:/st/stm32cubeide_1.4.0/stm32cubeide/plugins/com.st.stm32cube.ide.mcu.externaltools.gnu-tools-for-stm32.9-2020-q2-update.win32_2.0.0.202105311346/tools/bin/../lib/gcc/arm-none-eabi/9.3.1/thumb/v7-m/nofp\libgcc.a(_arm_unorddf2.o)
 .ARM.attributes
                0x00000000000008c8       0x1d c:/st/stm32cubeide_1.4.0/stm32cubeide/plugins/com.st.stm32cube.ide.mcu.externaltools.gnu-tools-for-stm32.9-2020-q2-update.win32_2.0.0.202105311346/tools/bin/../lib/gcc/arm-none-eabi/9.3.1/thumb/v7-m/nofp\libgcc.a(_arm_fixunsdfsi.o)
 .ARM.attributes
                0x00000000000008e5       0x1d c:/st/stm32cubeide_1.4.0/stm32cubeide/plugins/com.st.stm32cube.ide.mcu.externaltools.gnu-tools-for-stm32.9-2020-q2-update.win32_2.0.0.202105311346/tools/bin/../lib/gcc/arm-none-eabi/9.3.1/thumb/v7-m/nofp/crtn.o
OUTPUT(SW2225_app.elf elf32-littlearm)
LOAD linker stubs
LOAD c:/st/stm32cubeide_1.4.0/stm32cubeide/plugins/com.st.stm32cube.ide.mcu.externaltools.gnu-tools-for-stm32.9-2020-q2-update.win32_2.0.0.202105311346/tools/bin/../lib/gcc/arm-none-eabi/9.3.1/../../../../arm-none-eabi/lib/thumb/v7-m/nofp\libc.a
LOAD c:/st/stm32cubeide_1.4.0/stm32cubeide/plugins/com.st.stm32cube.ide.mcu.externaltools.gnu-tools-for-stm32.9-2020-q2-update.win32_2.0.0.202105311346/tools/bin/../lib/gcc/arm-none-eabi/9.3.1/../../../../arm-none-eabi/lib/thumb/v7-m/nofp\libm.a
LOAD c:/st/stm32cubeide_1.4.0/stm32cubeide/plugins/com.st.stm32cube.ide.mcu.externaltools.gnu-tools-for-stm32.9-2020-q2-update.win32_2.0.0.202105311346/tools/bin/../lib/gcc/arm-none-eabi/9.3.1/thumb/v7-m/nofp\libgcc.a

.debug_info     0x0000000000000000    0x137c7
 .debug_info    0x0000000000000000      0x8cf ./Drivers/STM32F1xx_HAL_Driver/Src/stm32f1xx_hal.o
 .debug_info    0x00000000000008cf     0x103e ./Drivers/STM32F1xx_HAL_Driver/Src/stm32f1xx_hal_adc.o
 .debug_info    0x000000000000190d      0xd0f ./Drivers/STM32F1xx_HAL_Driver/Src/stm32f1xx_hal_adc_ex.o
 .debug_info    0x000000000000261c     0x12fc ./Drivers/STM32F1xx_HAL_Driver/Src/stm32f1xx_hal_can.o
 .debug_info    0x0000000000003918      0xe8c ./Drivers/STM32F1xx_HAL_Driver/Src/stm32f1xx_hal_cortex.o
 .debug_info    0x00000000000047a4      0x946 ./Drivers/STM32F1xx_HAL_Driver/Src/stm32f1xx_hal_dma.o
 .debug_info    0x00000000000050ea      0x78a ./Drivers/STM32F1xx_HAL_Driver/Src/stm32f1xx_hal_flash.o
 .debug_info    0x0000000000005874      0xce4 ./Drivers/STM32F1xx_HAL_Driver/Src/stm32f1xx_hal_flash_ex.o
 .debug_info    0x0000000000006558      0x75b ./Drivers/STM32F1xx_HAL_Driver/Src/stm32f1xx_hal_gpio.o
 .debug_info    0x0000000000006cb3      0xadd ./Drivers/STM32F1xx_HAL_Driver/Src/stm32f1xx_hal_rcc.o
 .debug_info    0x0000000000007790      0x52f ./Drivers/STM32F1xx_HAL_Driver/Src/stm32f1xx_hal_rcc_ex.o
 .debug_info    0x0000000000007cbf     0x1d6e ./Drivers/STM32F1xx_HAL_Driver/Src/stm32f1xx_hal_uart.o
 .debug_info    0x0000000000009a2d     0x125a ./Src/analog.o
 .debug_info    0x000000000000ac87     0x2255 ./Src/canmsg.o
 .debug_info    0x000000000000cedc      0x8bf ./Src/eeprom.o
 .debug_info    0x000000000000d79b     0x118f ./Src/machine.o
 .debug_info    0x000000000000e92a     0x1c6b ./Src/main.o
 .debug_info    0x0000000000010595      0x4e5 ./Src/oldflash2hal.o
 .debug_info    0x0000000000010a7a     0x149a ./Src/stm32f1xx_hal_msp.o
 .debug_info    0x0000000000011f14      0xb86 ./Src/stm32f1xx_it.o
 .debug_info    0x0000000000012a9a      0xa3e ./Src/sysmem.o
 .debug_info    0x00000000000134d8      0x2cd ./Src/system_stm32f1xx.o
 .debug_info    0x00000000000137a5       0x22 ./Startup/startup_stm32f103retx.o

.debug_abbrev   0x0000000000000000     0x3eb0
 .debug_abbrev  0x0000000000000000      0x27e ./Drivers/STM32F1xx_HAL_Driver/Src/stm32f1xx_hal.o
 .debug_abbrev  0x000000000000027e      0x2e0 ./Drivers/STM32F1xx_HAL_Driver/Src/stm32f1xx_hal_adc.o
 .debug_abbrev  0x000000000000055e      0x286 ./Drivers/STM32F1xx_HAL_Driver/Src/stm32f1xx_hal_adc_ex.o
 .debug_abbrev  0x00000000000007e4      0x330 ./Drivers/STM32F1xx_HAL_Driver/Src/stm32f1xx_hal_can.o
 .debug_abbrev  0x0000000000000b14      0x378 ./Drivers/STM32F1xx_HAL_Driver/Src/stm32f1xx_hal_cortex.o
 .debug_abbrev  0x0000000000000e8c      0x274 ./Drivers/STM32F1xx_HAL_Driver/Src/stm32f1xx_hal_dma.o
 .debug_abbrev  0x0000000000001100      0x32e ./Drivers/STM32F1xx_HAL_Driver/Src/stm32f1xx_hal_flash.o
 .debug_abbrev  0x000000000000142e      0x30f ./Drivers/STM32F1xx_HAL_Driver/Src/stm32f1xx_hal_flash_ex.o
 .debug_abbrev  0x000000000000173d      0x214 ./Drivers/STM32F1xx_HAL_Driver/Src/stm32f1xx_hal_gpio.o
 .debug_abbrev  0x0000000000001951      0x2e6 ./Drivers/STM32F1xx_HAL_Driver/Src/stm32f1xx_hal_rcc.o
 .debug_abbrev  0x0000000000001c37      0x207 ./Drivers/STM32F1xx_HAL_Driver/Src/stm32f1xx_hal_rcc_ex.o
 .debug_abbrev  0x0000000000001e3e      0x3a7 ./Drivers/STM32F1xx_HAL_Driver/Src/stm32f1xx_hal_uart.o
 .debug_abbrev  0x00000000000021e5      0x389 ./Src/analog.o
 .debug_abbrev  0x000000000000256e      0x583 ./Src/canmsg.o
 .debug_abbrev  0x0000000000002af1      0x284 ./Src/eeprom.o
 .debug_abbrev  0x0000000000002d75      0x358 ./Src/machine.o
 .debug_abbrev  0x00000000000030cd      0x3a1 ./Src/main.o
 .debug_abbrev  0x000000000000346e      0x1d1 ./Src/oldflash2hal.o
 .debug_abbrev  0x000000000000363f      0x2b6 ./Src/stm32f1xx_hal_msp.o
 .debug_abbrev  0x00000000000038f5      0x252 ./Src/stm32f1xx_it.o
 .debug_abbrev  0x0000000000003b47      0x203 ./Src/sysmem.o
 .debug_abbrev  0x0000000000003d4a      0x154 ./Src/system_stm32f1xx.o
 .debug_abbrev  0x0000000000003e9e       0x12 ./Startup/startup_stm32f103retx.o

.debug_loc      0x0000000000000000     0x7dc3
 .debug_loc     0x0000000000000000      0x139 ./Drivers/STM32F1xx_HAL_Driver/Src/stm32f1xx_hal.o
 .debug_loc     0x0000000000000139      0xa0a ./Drivers/STM32F1xx_HAL_Driver/Src/stm32f1xx_hal_adc.o
 .debug_loc     0x0000000000000b43      0x825 ./Drivers/STM32F1xx_HAL_Driver/Src/stm32f1xx_hal_adc_ex.o
 .debug_loc     0x0000000000001368      0xb9c ./Drivers/STM32F1xx_HAL_Driver/Src/stm32f1xx_hal_can.o
 .debug_loc     0x0000000000001f04      0x4c5 ./Drivers/STM32F1xx_HAL_Driver/Src/stm32f1xx_hal_cortex.o
 .debug_loc     0x00000000000023c9      0x747 ./Drivers/STM32F1xx_HAL_Driver/Src/stm32f1xx_hal_dma.o
 .debug_loc     0x0000000000002b10      0x39f ./Drivers/STM32F1xx_HAL_Driver/Src/stm32f1xx_hal_flash.o
 .debug_loc     0x0000000000002eaf      0x80d ./Drivers/STM32F1xx_HAL_Driver/Src/stm32f1xx_hal_flash_ex.o
 .debug_loc     0x00000000000036bc      0x41a ./Drivers/STM32F1xx_HAL_Driver/Src/stm32f1xx_hal_gpio.o
 .debug_loc     0x0000000000003ad6      0x5dd ./Drivers/STM32F1xx_HAL_Driver/Src/stm32f1xx_hal_rcc.o
 .debug_loc     0x00000000000040b3      0x308 ./Drivers/STM32F1xx_HAL_Driver/Src/stm32f1xx_hal_rcc_ex.o
 .debug_loc     0x00000000000043bb     0x1a63 ./Drivers/STM32F1xx_HAL_Driver/Src/stm32f1xx_hal_uart.o
 .debug_loc     0x0000000000005e1e      0x2b4 ./Src/analog.o
 .debug_loc     0x00000000000060d2      0xb99 ./Src/canmsg.o
 .debug_loc     0x0000000000006c6b      0xb00 ./Src/eeprom.o
 .debug_loc     0x000000000000776b      0x1bd ./Src/machine.o
 .debug_loc     0x0000000000007928       0x15 ./Src/main.o
 .debug_loc     0x000000000000793d      0x1d5 ./Src/oldflash2hal.o
 .debug_loc     0x0000000000007b12      0x183 ./Src/stm32f1xx_hal_msp.o
 .debug_loc     0x0000000000007c95       0x47 ./Src/sysmem.o
 .debug_loc     0x0000000000007cdc       0xe7 ./Src/system_stm32f1xx.o

.debug_aranges  0x0000000000000000      0xa20
 .debug_aranges
                0x0000000000000000       0xd8 ./Drivers/STM32F1xx_HAL_Driver/Src/stm32f1xx_hal.o
 .debug_aranges
                0x00000000000000d8       0xc8 ./Drivers/STM32F1xx_HAL_Driver/Src/stm32f1xx_hal_adc.o
 .debug_aranges
                0x00000000000001a0       0x80 ./Drivers/STM32F1xx_HAL_Driver/Src/stm32f1xx_hal_adc_ex.o
 .debug_aranges
                0x0000000000000220       0xc8 ./Drivers/STM32F1xx_HAL_Driver/Src/stm32f1xx_hal_can.o
 .debug_aranges
                0x00000000000002e8       0x90 ./Drivers/STM32F1xx_HAL_Driver/Src/stm32f1xx_hal_cortex.o
 .debug_aranges
                0x0000000000000378       0x78 ./Drivers/STM32F1xx_HAL_Driver/Src/stm32f1xx_hal_dma.o
 .debug_aranges
                0x00000000000003f0       0x78 ./Drivers/STM32F1xx_HAL_Driver/Src/stm32f1xx_hal_flash.o
 .debug_aranges
                0x0000000000000468       0x60 ./Drivers/STM32F1xx_HAL_Driver/Src/stm32f1xx_hal_flash_ex.o
 .debug_aranges
                0x00000000000004c8       0x58 ./Drivers/STM32F1xx_HAL_Driver/Src/stm32f1xx_hal_gpio.o
 .debug_aranges
                0x0000000000000520       0x88 ./Drivers/STM32F1xx_HAL_Driver/Src/stm32f1xx_hal_rcc.o
 .debug_aranges
                0x00000000000005a8       0x30 ./Drivers/STM32F1xx_HAL_Driver/Src/stm32f1xx_hal_rcc_ex.o
 .debug_aranges
                0x00000000000005d8      0x1a0 ./Drivers/STM32F1xx_HAL_Driver/Src/stm32f1xx_hal_uart.o
 .debug_aranges
                0x0000000000000778       0x40 ./Src/analog.o
 .debug_aranges
                0x00000000000007b8       0x80 ./Src/canmsg.o
 .debug_aranges
                0x0000000000000838       0x40 ./Src/eeprom.o
 .debug_aranges
                0x0000000000000878       0x30 ./Src/machine.o
 .debug_aranges
                0x00000000000008a8       0x30 ./Src/main.o
 .debug_aranges
                0x00000000000008d8       0x40 ./Src/oldflash2hal.o
 .debug_aranges
                0x0000000000000918       0x50 ./Src/stm32f1xx_hal_msp.o
 .debug_aranges
                0x0000000000000968       0x48 ./Src/stm32f1xx_it.o
 .debug_aranges
                0x00000000000009b0       0x20 ./Src/sysmem.o
 .debug_aranges
                0x00000000000009d0       0x28 ./Src/system_stm32f1xx.o
 .debug_aranges
                0x00000000000009f8       0x28 ./Startup/startup_stm32f103retx.o

.debug_ranges   0x0000000000000000     0x1100
 .debug_ranges  0x0000000000000000       0xc8 ./Drivers/STM32F1xx_HAL_Driver/Src/stm32f1xx_hal.o
 .debug_ranges  0x00000000000000c8       0xb8 ./Drivers/STM32F1xx_HAL_Driver/Src/stm32f1xx_hal_adc.o
 .debug_ranges  0x0000000000000180       0x70 ./Drivers/STM32F1xx_HAL_Driver/Src/stm32f1xx_hal_adc_ex.o
 .debug_ranges  0x00000000000001f0       0xb8 ./Drivers/STM32F1xx_HAL_Driver/Src/stm32f1xx_hal_can.o
 .debug_ranges  0x00000000000002a8      0x150 ./Drivers/STM32F1xx_HAL_Driver/Src/stm32f1xx_hal_cortex.o
 .debug_ranges  0x00000000000003f8       0x98 ./Drivers/STM32F1xx_HAL_Driver/Src/stm32f1xx_hal_dma.o
 .debug_ranges  0x0000000000000490       0xc8 ./Drivers/STM32F1xx_HAL_Driver/Src/stm32f1xx_hal_flash.o
 .debug_ranges  0x0000000000000558      0x108 ./Drivers/STM32F1xx_HAL_Driver/Src/stm32f1xx_hal_flash_ex.o
 .debug_ranges  0x0000000000000660       0x68 ./Drivers/STM32F1xx_HAL_Driver/Src/stm32f1xx_hal_gpio.o
 .debug_ranges  0x00000000000006c8       0xb8 ./Drivers/STM32F1xx_HAL_Driver/Src/stm32f1xx_hal_rcc.o
 .debug_ranges  0x0000000000000780       0x58 ./Drivers/STM32F1xx_HAL_Driver/Src/stm32f1xx_hal_rcc_ex.o
 .debug_ranges  0x00000000000007d8      0x1b0 ./Drivers/STM32F1xx_HAL_Driver/Src/stm32f1xx_hal_uart.o
 .debug_ranges  0x0000000000000988       0x48 ./Src/analog.o
 .debug_ranges  0x00000000000009d0      0x140 ./Src/canmsg.o
 .debug_ranges  0x0000000000000b10       0xb8 ./Src/eeprom.o
 .debug_ranges  0x0000000000000bc8       0x88 ./Src/machine.o
 .debug_ranges  0x0000000000000c50      0x250 ./Src/main.o
 .debug_ranges  0x0000000000000ea0       0x78 ./Src/oldflash2hal.o
 .debug_ranges  0x0000000000000f18      0x168 ./Src/stm32f1xx_hal_msp.o
 .debug_ranges  0x0000000000001080       0x38 ./Src/stm32f1xx_it.o
 .debug_ranges  0x00000000000010b8       0x10 ./Src/sysmem.o
 .debug_ranges  0x00000000000010c8       0x18 ./Src/system_stm32f1xx.o
 .debug_ranges  0x00000000000010e0       0x20 ./Startup/startup_stm32f103retx.o

.debug_macro    0x0000000000000000    0x1b8fb
 .debug_macro   0x0000000000000000      0x1d0 ./Drivers/STM32F1xx_HAL_Driver/Src/stm32f1xx_hal.o
 .debug_macro   0x00000000000001d0      0xa9c ./Drivers/STM32F1xx_HAL_Driver/Src/stm32f1xx_hal.o
 .debug_macro   0x0000000000000c6c      0x227 ./Drivers/STM32F1xx_HAL_Driver/Src/stm32f1xx_hal.o
 .debug_macro   0x0000000000000e93       0x2e ./Drivers/STM32F1xx_HAL_Driver/Src/stm32f1xx_hal.o
 .debug_macro   0x0000000000000ec1       0x22 ./Drivers/STM32F1xx_HAL_Driver/Src/stm32f1xx_hal.o
 .debug_macro   0x0000000000000ee3       0x22 ./Drivers/STM32F1xx_HAL_Driver/Src/stm32f1xx_hal.o
 .debug_macro   0x0000000000000f05       0x8e ./Drivers/STM32F1xx_HAL_Driver/Src/stm32f1xx_hal.o
 .debug_macro   0x0000000000000f93       0x51 ./Drivers/STM32F1xx_HAL_Driver/Src/stm32f1xx_hal.o
 .debug_macro   0x0000000000000fe4      0x103 ./Drivers/STM32F1xx_HAL_Driver/Src/stm32f1xx_hal.o
 .debug_macro   0x00000000000010e7       0x6a ./Drivers/STM32F1xx_HAL_Driver/Src/stm32f1xx_hal.o
 .debug_macro   0x0000000000001151      0x1df ./Drivers/STM32F1xx_HAL_Driver/Src/stm32f1xx_hal.o
 .debug_macro   0x0000000000001330       0x1c ./Drivers/STM32F1xx_HAL_Driver/Src/stm32f1xx_hal.o
 .debug_macro   0x000000000000134c       0x22 ./Drivers/STM32F1xx_HAL_Driver/Src/stm32f1xx_hal.o
 .debug_macro   0x000000000000136e       0xc3 ./Drivers/STM32F1xx_HAL_Driver/Src/stm32f1xx_hal.o
 .debug_macro   0x0000000000001431      0xd23 ./Drivers/STM32F1xx_HAL_Driver/Src/stm32f1xx_hal.o
 .debug_macro   0x0000000000002154     0xfd8c ./Drivers/STM32F1xx_HAL_Driver/Src/stm32f1xx_hal.o
 .debug_macro   0x0000000000011ee0       0x6d ./Drivers/STM32F1xx_HAL_Driver/Src/stm32f1xx_hal.o
 .debug_macro   0x0000000000011f4d     0x3468 ./Drivers/STM32F1xx_HAL_Driver/Src/stm32f1xx_hal.o
 .debug_macro   0x00000000000153b5      0x174 ./Drivers/STM32F1xx_HAL_Driver/Src/stm32f1xx_hal.o
 .debug_macro   0x0000000000015529       0x5c ./Drivers/STM32F1xx_HAL_Driver/Src/stm32f1xx_hal.o
 .debug_macro   0x0000000000015585      0x5be ./Drivers/STM32F1xx_HAL_Driver/Src/stm32f1xx_hal.o
 .debug_macro   0x0000000000015b43      0x4d5 ./Drivers/STM32F1xx_HAL_Driver/Src/stm32f1xx_hal.o
 .debug_macro   0x0000000000016018      0x1cb ./Drivers/STM32F1xx_HAL_Driver/Src/stm32f1xx_hal.o
 .debug_macro   0x00000000000161e3      0x114 ./Drivers/STM32F1xx_HAL_Driver/Src/stm32f1xx_hal.o
 .debug_macro   0x00000000000162f7      0x1ea ./Drivers/STM32F1xx_HAL_Driver/Src/stm32f1xx_hal.o
 .debug_macro   0x00000000000164e1       0x27 ./Drivers/STM32F1xx_HAL_Driver/Src/stm32f1xx_hal.o
 .debug_macro   0x0000000000016508      0x144 ./Drivers/STM32F1xx_HAL_Driver/Src/stm32f1xx_hal.o
 .debug_macro   0x000000000001664c      0x1bc ./Drivers/STM32F1xx_HAL_Driver/Src/stm32f1xx_hal.o
 .debug_macro   0x0000000000016808       0x30 ./Drivers/STM32F1xx_HAL_Driver/Src/stm32f1xx_hal.o
 .debug_macro   0x0000000000016838       0x3c ./Drivers/STM32F1xx_HAL_Driver/Src/stm32f1xx_hal.o
 .debug_macro   0x0000000000016874      0x408 ./Drivers/STM32F1xx_HAL_Driver/Src/stm32f1xx_hal.o
 .debug_macro   0x0000000000016c7c       0x57 ./Drivers/STM32F1xx_HAL_Driver/Src/stm32f1xx_hal.o
 .debug_macro   0x0000000000016cd3      0x46a ./Drivers/STM32F1xx_HAL_Driver/Src/stm32f1xx_hal.o
 .debug_macro   0x000000000001713d      0x25d ./Drivers/STM32F1xx_HAL_Driver/Src/stm32f1xx_hal.o
 .debug_macro   0x000000000001739a       0x88 ./Drivers/STM32F1xx_HAL_Driver/Src/stm32f1xx_hal.o
 .debug_macro   0x0000000000017422      0x24f ./Drivers/STM32F1xx_HAL_Driver/Src/stm32f1xx_hal.o
 .debug_macro   0x0000000000017671      0x141 ./Drivers/STM32F1xx_HAL_Driver/Src/stm32f1xx_hal.o
 .debug_macro   0x00000000000177b2      0x279 ./Drivers/STM32F1xx_HAL_Driver/Src/stm32f1xx_hal.o
 .debug_macro   0x0000000000017a2b       0xb5 ./Drivers/STM32F1xx_HAL_Driver/Src/stm32f1xx_hal.o
 .debug_macro   0x0000000000017ae0      0x1c9 ./Drivers/STM32F1xx_HAL_Driver/Src/stm32f1xx_hal_adc.o
 .debug_macro   0x0000000000017ca9      0x1be ./Drivers/STM32F1xx_HAL_Driver/Src/stm32f1xx_hal_adc_ex.o
 .debug_macro   0x0000000000017e67      0x1b4 ./Drivers/STM32F1xx_HAL_Driver/Src/stm32f1xx_hal_can.o
 .debug_macro   0x000000000001801b      0x1ac ./Drivers/STM32F1xx_HAL_Driver/Src/stm32f1xx_hal_cortex.o
 .debug_macro   0x00000000000181c7      0x1ac ./Drivers/STM32F1xx_HAL_Driver/Src/stm32f1xx_hal_dma.o
 .debug_macro   0x0000000000018373      0x1ac ./Drivers/STM32F1xx_HAL_Driver/Src/stm32f1xx_hal_flash.o
 .debug_macro   0x000000000001851f      0x1be ./Drivers/STM32F1xx_HAL_Driver/Src/stm32f1xx_hal_flash_ex.o
 .debug_macro   0x00000000000186dd      0x217 ./Drivers/STM32F1xx_HAL_Driver/Src/stm32f1xx_hal_gpio.o
 .debug_macro   0x00000000000188f4      0x1be ./Drivers/STM32F1xx_HAL_Driver/Src/stm32f1xx_hal_rcc.o
 .debug_macro   0x0000000000018ab2      0x1ac ./Drivers/STM32F1xx_HAL_Driver/Src/stm32f1xx_hal_rcc_ex.o
 .debug_macro   0x0000000000018c5e      0x1ad ./Drivers/STM32F1xx_HAL_Driver/Src/stm32f1xx_hal_uart.o
 .debug_macro   0x0000000000018e0b      0x302 ./Src/analog.o
 .debug_macro   0x000000000001910d       0x52 ./Src/analog.o
 .debug_macro   0x000000000001915f       0x18 ./Src/analog.o
 .debug_macro   0x0000000000019177       0x3c ./Src/analog.o
 .debug_macro   0x00000000000191b3       0x34 ./Src/analog.o
 .debug_macro   0x00000000000191e7       0x16 ./Src/analog.o
 .debug_macro   0x00000000000191fd       0x43 ./Src/analog.o
 .debug_macro   0x0000000000019240       0x34 ./Src/analog.o
 .debug_macro   0x0000000000019274       0x10 ./Src/analog.o
 .debug_macro   0x0000000000019284       0x58 ./Src/analog.o
 .debug_macro   0x00000000000192dc       0x71 ./Src/analog.o
 .debug_macro   0x000000000001934d       0x1c ./Src/analog.o
 .debug_macro   0x0000000000019369      0x12a ./Src/analog.o
 .debug_macro   0x0000000000019493      0x339 ./Src/analog.o
 .debug_macro   0x00000000000197cc      0x1a9 ./Src/analog.o
 .debug_macro   0x0000000000019975       0xbd ./Src/analog.o
 .debug_macro   0x0000000000019a32       0x56 ./Src/analog.o
 .debug_macro   0x0000000000019a88       0x94 ./Src/analog.o
 .debug_macro   0x0000000000019b1c       0x10 ./Src/analog.o
 .debug_macro   0x0000000000019b2c       0x64 ./Src/analog.o
 .debug_macro   0x0000000000019b90       0x52 ./Src/analog.o
 .debug_macro   0x0000000000019be2       0x2e ./Src/analog.o
 .debug_macro   0x0000000000019c10      0x40f ./Src/canmsg.o
 .debug_macro   0x000000000001a01f       0x4c ./Src/canmsg.o
 .debug_macro   0x000000000001a06b       0x94 ./Src/canmsg.o
 .debug_macro   0x000000000001a0ff       0x57 ./Src/canmsg.o
 .debug_macro   0x000000000001a156       0x10 ./Src/canmsg.o
 .debug_macro   0x000000000001a166       0x35 ./Src/canmsg.o
 .debug_macro   0x000000000001a19b       0x20 ./Src/canmsg.o
 .debug_macro   0x000000000001a1bb       0x1c ./Src/canmsg.o
 .debug_macro   0x000000000001a1d7       0x10 ./Src/canmsg.o
 .debug_macro   0x000000000001a1e7       0x10 ./Src/canmsg.o
 .debug_macro   0x000000000001a1f7       0x1c ./Src/canmsg.o
 .debug_macro   0x000000000001a213       0x52 ./Src/canmsg.o
 .debug_macro   0x000000000001a265       0x22 ./Src/canmsg.o
 .debug_macro   0x000000000001a287       0x10 ./Src/canmsg.o
 .debug_macro   0x000000000001a297       0x40 ./Src/canmsg.o
 .debug_macro   0x000000000001a2d7       0xd5 ./Src/canmsg.o
 .debug_macro   0x000000000001a3ac       0x1c ./Src/canmsg.o
 .debug_macro   0x000000000001a3c8       0x3d ./Src/canmsg.o
 .debug_macro   0x000000000001a405       0x16 ./Src/canmsg.o
 .debug_macro   0x000000000001a41b      0x145 ./Src/canmsg.o
 .debug_macro   0x000000000001a560       0x2e ./Src/canmsg.o
 .debug_macro   0x000000000001a58e      0x1c4 ./Src/eeprom.o
 .debug_macro   0x000000000001a752      0x3ab ./Src/machine.o
 .debug_macro   0x000000000001aafd       0x16 ./Src/machine.o
 .debug_macro   0x000000000001ab13       0x97 ./Src/machine.o
 .debug_macro   0x000000000001abaa       0xfd ./Src/machine.o
 .debug_macro   0x000000000001aca7       0x16 ./Src/machine.o
 .debug_macro   0x000000000001acbd      0x1f8 ./Src/main.o
 .debug_macro   0x000000000001aeb5      0x1b5 ./Src/oldflash2hal.o
 .debug_macro   0x000000000001b06a      0x1bb ./Src/stm32f1xx_hal_msp.o
 .debug_macro   0x000000000001b225      0x1f0 ./Src/stm32f1xx_it.o
 .debug_macro   0x000000000001b415       0xff ./Src/sysmem.o
 .debug_macro   0x000000000001b514      0x23b ./Src/sysmem.o
 .debug_macro   0x000000000001b74f      0x1ac ./Src/system_stm32f1xx.o

.debug_line     0x0000000000000000    0x1299e
 .debug_line    0x0000000000000000      0x9b7 ./Drivers/STM32F1xx_HAL_Driver/Src/stm32f1xx_hal.o
 .debug_line    0x00000000000009b7     0x132a ./Drivers/STM32F1xx_HAL_Driver/Src/stm32f1xx_hal_adc.o
 .debug_line    0x0000000000001ce1     0x1077 ./Drivers/STM32F1xx_HAL_Driver/Src/stm32f1xx_hal_adc_ex.o
 .debug_line    0x0000000000002d58     0x13c4 ./Drivers/STM32F1xx_HAL_Driver/Src/stm32f1xx_hal_can.o
 .debug_line    0x000000000000411c      0xb5c ./Drivers/STM32F1xx_HAL_Driver/Src/stm32f1xx_hal_cortex.o
 .debug_line    0x0000000000004c78     0x115a ./Drivers/STM32F1xx_HAL_Driver/Src/stm32f1xx_hal_dma.o
 .debug_line    0x0000000000005dd2      0xc75 ./Drivers/STM32F1xx_HAL_Driver/Src/stm32f1xx_hal_flash.o
 .debug_line    0x0000000000006a47      0xd75 ./Drivers/STM32F1xx_HAL_Driver/Src/stm32f1xx_hal_flash_ex.o
 .debug_line    0x00000000000077bc      0xa65 ./Drivers/STM32F1xx_HAL_Driver/Src/stm32f1xx_hal_gpio.o
 .debug_line    0x0000000000008221     0x1090 ./Drivers/STM32F1xx_HAL_Driver/Src/stm32f1xx_hal_rcc.o
 .debug_line    0x00000000000092b1      0x970 ./Drivers/STM32F1xx_HAL_Driver/Src/stm32f1xx_hal_rcc_ex.o
 .debug_line    0x0000000000009c21     0x24c4 ./Drivers/STM32F1xx_HAL_Driver/Src/stm32f1xx_hal_uart.o
 .debug_line    0x000000000000c0e5      0x9c6 ./Src/analog.o
 .debug_line    0x000000000000caab     0x1785 ./Src/canmsg.o
 .debug_line    0x000000000000e230      0xb43 ./Src/eeprom.o
 .debug_line    0x000000000000ed73      0xb42 ./Src/machine.o
 .debug_line    0x000000000000f8b5      0xc18 ./Src/main.o