stm32f1xx_it.c:75:6:NMI_Handler	8	static
stm32f1xx_it.c:91:6:HardFault_Handler	8	static
stm32f1xx_it.c:106:6:MemManage_Handler	8	static
stm32f1xx_it.c:121:6:BusFault_Handler	8	static
stm32f1xx_it.c:136:6:UsageFault_Handler	8	static
stm32f1xx_it.c:151:6:SVC_Handler	0	static
stm32f1xx_it.c:164:6:DebugMon_Handler	0	static
stm32f1xx_it.c:177:6:PendSV_Handler	0	static
stm32f1xx_it.c:190:6:SysTick_Handler	8	static
stm32f1xx_it.c:217:6:DMA1_Channel1_IRQHandler	0	static
stm32f1xx_it.c:231:6:USB_HP_CAN1_TX_IRQHandler	0	static
stm32f1xx_it.c:245:6:USB_LP_CAN1_RX0_IRQHandler	0	static
stm32f1xx_it.c:259:6:USART3_IRQHandler	0	static
